<html>
<body>
<pre>
<h1>µVision Build Log</h1>
<h2>Tool Versions:</h2>
IDE-Version: µVision V5.28.0.0
Copyright (C) 2019 ARM Ltd and ARM Germany GmbH. All rights reserved.
License Information: Furqan Abdul Khadar Ramadurg, RV College of Engineering, LIC=----
 
Tool Versions:
Toolchain:       MDK-Lite  Version: 5.28.0.0
Toolchain Path:  C:\Keil_v5\ARM\ARMCC\Bin
C Compiler:      Armcc.exe V5.06 update 6 (build 750)
Assembler:       Armasm.exe V5.06 update 6 (build 750)
Linker/Locator:  ArmLink.exe V5.06 update 6 (build 750)
Library Manager: ArmAr.exe V5.06 update 6 (build 750)
Hex Converter:   FromElf.exe V5.06 update 6 (build 750)
CPU DLL:         SARM.DLL V5.28.0.0
Dialog DLL:      DARMP.DLL V1.53.0.0
Target DLL:      UL2ARM.DLL V1.74.10.0
Dialog DLL:      TARMP.DLL V1.53.0.0
 
<h2>Project:</h2>
C:\Users\Admin\Desktop\Smart-scale-business\Mces project\mces_project.uvproj
Project File Date:  06/10/2020

<h2>Output:</h2>
*** Using Compiler 'V5.06 update 6 (build 750)', folder: 'C:\Keil_v5\ARM\ARMCC\Bin'
Rebuild target 'Target 1'
compiling LCD.c...
assembling Startup.s...
compiling business.c...
business.c(288): warning:  #167-D: argument of type "char *" is incompatible with parameter of type "unsigned int"
  			serialPrint((char*)msg);
business.c(309): warning:  #1-D: last line of file ends without a newline
  }
business.c(258): warning:  #550-D: variable "cnt"  was set but never used
  	  unsigned int cnt;
business.c(261): warning:  #550-D: variable "i2"  was set but never used
  	int num,i1,i2,val;
business.c: 4 warnings, 0 errors
linking...
Program Size: Code=11696 RO-data=480 RW-data=240 ZI-data=1272  
".\Objects\mces_project.axf" - 0 Error(s), 4 Warning(s).
Build Time Elapsed:  00:00:01
</pre>
</body>
</html>
