Component: ARM Compiler 5.06 update 6 (build 750) Tool: armlink [4d35ed]

==============================================================================

Section Cross References

    startup.o(STACK) refers (Special) to heapauxi.o(.text) for __use_two_region_memory
    startup.o(HEAP) refers (Special) to heapauxi.o(.text) for __use_two_region_memory
    startup.o(RESET) refers (Special) to heapauxi.o(.text) for __use_two_region_memory
    startup.o(RESET) refers to startup.o(STACK) for Stack_Top
    startup.o(RESET) refers to __main.o(!!!main) for __main
    startup.o(.text) refers (Special) to heapauxi.o(.text) for __use_two_region_memory
    startup.o(.text) refers to startup.o(HEAP) for Heap_Mem
    startup.o(.text) refers to startup.o(STACK) for Stack_Mem
    lcd.o(i.LCD_CmdWrite) refers to lcd.o(i.LCD_SendHigherNibble) for LCD_SendHigherNibble
    lcd.o(i.LCD_CmdWrite) refers to lcd.o(i.LCD_SendCmdSignals) for LCD_SendCmdSignals
    lcd.o(i.LCD_DataWrite) refers to lcd.o(i.LCD_SendHigherNibble) for LCD_SendHigherNibble
    lcd.o(i.LCD_DataWrite) refers to lcd.o(i.LCD_SendDataSignals) for LCD_SendDataSignals
    lcd.o(i.LCD_DisplayString) refers to lcd.o(i.LCD_DataWrite) for LCD_DataWrite
    lcd.o(i.LCD_Init) refers to lcd.o(i.delay_ms) for delay_ms
    lcd.o(i.LCD_Init) refers to lcd.o(i.LCD_Reset) for LCD_Reset
    lcd.o(i.LCD_Init) refers to lcd.o(i.LCD_CmdWrite) for LCD_CmdWrite
    lcd.o(i.LCD_Reset) refers to lcd.o(i.LCD_SendHigherNibble) for LCD_SendHigherNibble
    lcd.o(i.LCD_Reset) refers to lcd.o(i.LCD_SendCmdSignals) for LCD_SendCmdSignals
    lcd.o(i.LCD_Reset) refers to lcd.o(i.delay_ms) for delay_ms
    lcd.o(i.LCD_Reset) refers to lcd.o(i.delay_us) for delay_us
    lcd.o(i.LCD_SendCmdSignals) refers to lcd.o(i.delay_us) for delay_us
    lcd.o(i.LCD_SendDataSignals) refers to lcd.o(i.delay_us) for delay_us
    business.o(i.Timer1_ISR) refers to business.o(.data) for x
    business.o(i.board) refers to business.o(i.SystemInit) for SystemInit
    business.o(i.board) refers to business.o(i.uart_init) for uart_init
    business.o(i.board) refers to lcd.o(i.delay_ms) for delay_ms
    business.o(i.board) refers to business.o(.data) for rowsel
    business.o(i.load_cell) refers to business.o(i.adc) for adc
    business.o(i.load_cell) refers to lcd.o(i.delay_ms) for delay_ms
    business.o(i.main) refers to _printf_pad.o(.text) for _printf_pre_padding
    business.o(i.main) refers to _printf_percent.o(.ARM.Collect$$_printf_percent$$00000000) for _printf_percent
    business.o(i.main) refers to _printf_d.o(.ARM.Collect$$_printf_percent$$00000009) for _printf_d
    business.o(i.main) refers to _printf_dec.o(.text) for _printf_int_dec
    business.o(i.main) refers to _printf_s.o(.ARM.Collect$$_printf_percent$$00000014) for _printf_s
    business.o(i.main) refers to _printf_str.o(.text) for _printf_str
    business.o(i.main) refers to _printf_f.o(.ARM.Collect$$_printf_percent$$00000003) for _printf_f
    business.o(i.main) refers to printf1.o(x$fpl$printf1) for _printf_fp_dec
    business.o(i.main) refers to business.o(i.SystemInit) for SystemInit
    business.o(i.main) refers to business.o(i.uart_init) for uart_init
    business.o(i.main) refers to business.o(i.RTC_Init) for RTC_Init
    business.o(i.main) refers to business.o(i.timer1_Init) for timer1_Init
    business.o(i.main) refers to lcd.o(i.LCD_Reset) for LCD_Reset
    business.o(i.main) refers to lcd.o(i.LCD_Init) for LCD_Init
    business.o(i.main) refers to business.o(i.RTC_SetDateTime) for RTC_SetDateTime
    business.o(i.main) refers to business.o(i.RTC_GetDateTime) for RTC_GetDateTime
    business.o(i.main) refers to noretval__2sprintf.o(.text) for __2sprintf
    business.o(i.main) refers to business.o(i.serialPrintStr) for serialPrintStr
    business.o(i.main) refers to lcd.o(i.LCD_CmdWrite) for LCD_CmdWrite
    business.o(i.main) refers to lcd.o(i.LCD_DisplayString) for LCD_DisplayString
    business.o(i.main) refers to business.o(i.delay) for delay
    business.o(i.main) refers to business.o(i.board) for board
    business.o(i.main) refers to business.o(i.serialPrint) for serialPrint
    business.o(i.main) refers to atoi.o(.text) for atoi
    business.o(i.main) refers to aeabi_sdiv.o(.text) for __aeabi_idivmod
    business.o(i.main) refers to business.o(i.load_cell) for load_cell
    business.o(i.main) refers to business.o(i.seven_seg) for seven_seg
    business.o(i.main) refers to dflt_noclz.o(x$fpl$dflt) for __aeabi_i2d
    business.o(i.main) refers to daddsub_noclz.o(x$fpl$dadd) for __aeabi_dadd
    business.o(i.main) refers to strcmp.o(.text) for strcmp
    business.o(i.main) refers to business.o(.bss) for rtc
    business.o(i.main) refers to business.o(.data) for items
    business.o(i.serialPrint) refers to _printf_percent.o(.ARM.Collect$$_printf_percent$$00000000) for _printf_percent
[...]
    bigflt0.o(.text) refers to btod.o(CL$$btod_ediv) for _btod_ediv
    bigflt0.o(.text) refers to bigflt0.o(.constdata) for .constdata
    bigflt0.o(.constdata) refers (Special) to usenofp.o(x$fpl$usenofp) for __I$use$fp
    btod.o(CL$$btod_d2e) refers (Special) to usenofp.o(x$fpl$usenofp) for __I$use$fp
    btod.o(CL$$btod_d2e) refers to btod.o(CL$$btod_d2e_norm_op1) for _d2e_norm_op1
    btod.o(CL$$btod_d2e_norm_op1) refers (Special) to usenofp.o(x$fpl$usenofp) for __I$use$fp
    btod.o(CL$$btod_d2e_norm_op1) refers to btod.o(CL$$btod_d2e_denorm_low) for _d2e_denorm_low
    btod.o(CL$$btod_d2e_denorm_low) refers (Special) to usenofp.o(x$fpl$usenofp) for __I$use$fp
    btod.o(CL$$btod_emul) refers (Special) to usenofp.o(x$fpl$usenofp) for __I$use$fp
    btod.o(CL$$btod_emul) refers to btod.o(CL$$btod_mult_common) for __btod_mult_common
    btod.o(CL$$btod_emul) refers to btod.o(CL$$btod_e2e) for _e2e
    btod.o(CL$$btod_ediv) refers (Special) to usenofp.o(x$fpl$usenofp) for __I$use$fp
    btod.o(CL$$btod_ediv) refers to btod.o(CL$$btod_div_common) for __btod_div_common
    btod.o(CL$$btod_ediv) refers to btod.o(CL$$btod_e2e) for _e2e
    btod.o(CL$$btod_emuld) refers (Special) to usenofp.o(x$fpl$usenofp) for __I$use$fp
    btod.o(CL$$btod_emuld) refers to btod.o(CL$$btod_mult_common) for __btod_mult_common
    btod.o(CL$$btod_emuld) refers to btod.o(CL$$btod_e2d) for _e2d
    btod.o(CL$$btod_edivd) refers (Special) to usenofp.o(x$fpl$usenofp) for __I$use$fp
    btod.o(CL$$btod_edivd) refers to btod.o(CL$$btod_div_common) for __btod_div_common
    btod.o(CL$$btod_edivd) refers to btod.o(CL$$btod_e2d) for _e2d
    btod.o(CL$$btod_e2e) refers (Special) to usenofp.o(x$fpl$usenofp) for __I$use$fp
    btod.o(CL$$btod_e2d) refers (Special) to usenofp.o(x$fpl$usenofp) for __I$use$fp
    btod.o(CL$$btod_e2d) refers to btod.o(CL$$btod_e2e) for _e2e
    btod.o(CL$$btod_mult_common) refers (Special) to usenofp.o(x$fpl$usenofp) for __I$use$fp
    btod.o(CL$$btod_div_common) refers (Special) to usenofp.o(x$fpl$usenofp) for __I$use$fp
    lc_numeric_c.o(locale$$data) refers (Special) to libinit2.o(.ARM.Collect$$libinit$$00000016) for __rt_lib_init_lc_numeric_2
    lc_numeric_c.o(locale$$code) refers (Special) to libinit2.o(.ARM.Collect$$libinit$$00000016) for __rt_lib_init_lc_numeric_2
    lc_numeric_c.o(locale$$code) refers to strcmp.o(.text) for strcmp
    lc_numeric_c.o(locale$$code) refers to lc_numeric_c.o(locale$$data) for __lcnum_c_name
    istatus.o(x$fpl$ieeestatus) refers (Special) to usenofp.o(x$fpl$usenofp) for __I$use$fp
    fpclassify.o(i.__ARM_fpclassify) refers (Special) to usenofp.o(x$fpl$usenofp) for __I$use$fp
    sys_stackheap_outer.o(.text) refers to libspace.o(.text) for __user_perproc_libspace
    sys_stackheap_outer.o(.text) refers to startup.o(.text) for __user_initial_stackheap
    lc_ctype_c.o(locale$$data) refers (Special) to libinit2.o(.ARM.Collect$$libinit$$00000012) for __rt_lib_init_lc_ctype_2
    lc_ctype_c.o(locale$$code) refers (Special) to libinit2.o(.ARM.Collect$$libinit$$00000012) for __rt_lib_init_lc_ctype_2
    lc_ctype_c.o(locale$$code) refers to strcmp.o(.text) for strcmp
    lc_ctype_c.o(locale$$code) refers to lc_ctype_c.o(locale$$data) for __lcctype_c_name
    exit.o(.text) refers to rtexit.o(.ARM.Collect$$rtexit$$00000000) for __rt_exit
    defsig_fpe_outer.o(.text) refers to defsig_fpe_inner.o(.text) for __rt_SIGFPE_inner
    defsig_fpe_outer.o(.text) refers to defsig_exit.o(.text) for __sig_exit
    defsig_fpe_formal.o(.text) refers to rt_raise.o(.text) for __rt_raise
    libinit.o(.ARM.Collect$$libinit$$00000000) refers (Special) to libinit2.o(.ARM.Collect$$libinit$$0000002E) for __rt_lib_init_alloca_1
    libinit.o(.ARM.Collect$$libinit$$00000000) refers (Special) to libinit2.o(.ARM.Collect$$libinit$$0000002C) for __rt_lib_init_argv_1
    libinit.o(.ARM.Collect$$libinit$$00000000) refers (Special) to libinit2.o(.ARM.Collect$$libinit$$0000001B) for __rt_lib_init_atexit_1
    libinit.o(.ARM.Collect$$libinit$$00000000) refers (Special) to libinit2.o(.ARM.Collect$$libinit$$00000021) for __rt_lib_init_clock_1
    libinit.o(.ARM.Collect$$libinit$$00000000) refers (Special) to libinit2.o(.ARM.Collect$$libinit$$00000032) for __rt_lib_init_cpp_1
    libinit.o(.ARM.Collect$$libinit$$00000000) refers (Special) to libinit2.o(.ARM.Collect$$libinit$$00000030) for __rt_lib_init_exceptions_1
    libinit.o(.ARM.Collect$$libinit$$00000000) refers (Special) to libinit2.o(.ARM.Collect$$libinit$$00000002) for __rt_lib_init_fp_1
    libinit.o(.ARM.Collect$$libinit$$00000000) refers (Special) to libinit2.o(.ARM.Collect$$libinit$$0000001F) for __rt_lib_init_fp_trap_1
    libinit.o(.ARM.Collect$$libinit$$00000000) refers (Special) to libinit2.o(.ARM.Collect$$libinit$$00000023) for __rt_lib_init_getenv_1
    libinit.o(.ARM.Collect$$libinit$$00000000) refers (Special) to libinit2.o(.ARM.Collect$$libinit$$0000000A) for __rt_lib_init_heap_1
    libinit.o(.ARM.Collect$$libinit$$00000000) refers (Special) to libinit2.o(.ARM.Collect$$libinit$$00000011) for __rt_lib_init_lc_collate_1
    libinit.o(.ARM.Collect$$libinit$$00000000) refers (Special) to libinit2.o(.ARM.Collect$$libinit$$00000013) for __rt_lib_init_lc_ctype_1
    libinit.o(.ARM.Collect$$libinit$$00000000) refers (Special) to libinit2.o(.ARM.Collect$$libinit$$00000015) for __rt_lib_init_lc_monetary_1
    libinit.o(.ARM.Collect$$libinit$$00000000) refers (Special) to libinit2.o(.ARM.Collect$$libinit$$00000017) for __rt_lib_init_lc_numeric_1
    libinit.o(.ARM.Collect$$libinit$$00000000) refers (Special) to libinit2.o(.ARM.Collect$$libinit$$00000019) for __rt_lib_init_lc_time_1
    libinit.o(.ARM.Collect$$libinit$$00000000) refers (Special) to libinit2.o(.ARM.Collect$$libinit$$00000004) for __rt_lib_init_preinit_1
    libinit.o(.ARM.Collect$$libinit$$00000000) refers (Special) to libinit2.o(.ARM.Collect$$libinit$$0000000E) for __rt_lib_init_rand_1
    libinit.o(.ARM.Collect$$libinit$$00000000) refers (Special) to libinit2.o(.ARM.Collect$$libinit$$00000033) for __rt_lib_init_return
    libinit.o(.ARM.Collect$$libinit$$00000000) refers (Special) to libinit2.o(.ARM.Collect$$libinit$$0000001D) for __rt_lib_init_signal_1
    libinit.o(.ARM.Collect$$libinit$$00000000) refers (Special) to libinit2.o(.ARM.Collect$$libinit$$00000025) for __rt_lib_init_stdio_1
    libinit.o(.ARM.Collect$$libinit$$00000000) refers (Special) to libinit2.o(.ARM.Collect$$libinit$$0000000C) for __rt_lib_init_user_alloc_1
    libinit2.o(.ARM.Collect$$libinit$$00000001) refers to fpinit.o(x$fpl$fpinit) for _fp_init
    libinit2.o(.ARM.Collect$$libinit$$0000000F) refers (Weak) to rt_locale_intlibspace.o(.text) for __rt_locale
    libinit2.o(.ARM.Collect$$libinit$$00000010) refers to libinit2.o(.ARM.Collect$$libinit$$0000000F) for .ARM.Collect$$libinit$$0000000F
    libinit2.o(.ARM.Collect$$libinit$$00000012) refers to libinit2.o(.ARM.Collect$$libinit$$0000000F) for .ARM.Collect$$libinit$$0000000F
    libinit2.o(.ARM.Collect$$libinit$$00000012) refers (Weak) to lc_ctype_c.o(locale$$code) for _get_lc_ctype
    libinit2.o(.ARM.Collect$$libinit$$00000014) refers to libinit2.o(.ARM.Collect$$libinit$$0000000F) for .ARM.Collect$$libinit$$0000000F
    libinit2.o(.ARM.Collect$$libinit$$00000016) refers to libinit2.o(.ARM.Collect$$libinit$$0000000F) for .ARM.Collect$$libinit$$0000000F
    libinit2.o(.ARM.Collect$$libinit$$00000016) refers (Weak) to lc_numeric_c.o(locale$$code) for _get_lc_numeric
    libinit2.o(.ARM.Collect$$libinit$$00000018) refers to libinit2.o(.ARM.Collect$$libinit$$0000000F) for .ARM.Collect$$libinit$$0000000F
    libinit2.o(.ARM.Collect$$libinit$$00000026) refers to argv_veneer.o(.emb_text) for __ARM_argv_veneer
    libinit2.o(.ARM.Collect$$libinit$$00000027) refers to argv_veneer.o(.emb_text) for __ARM_argv_veneer
    rtexit.o(.ARM.Collect$$rtexit$$00000000) refers (Special) to rtexit2.o(.ARM.Collect$$rtexit$$00000004) for __rt_exit_exit
    rtexit.o(.ARM.Collect$$rtexit$$00000000) refers (Special) to rtexit2.o(.ARM.Collect$$rtexit$$00000003) for __rt_exit_ls
    rtexit.o(.ARM.Collect$$rtexit$$00000000) refers (Special) to rtexit2.o(.ARM.Collect$$rtexit$$00000002) for __rt_exit_prels_1
    rtexit.o(.ARM.exidx) refers (Special) to rtexit2.o(.ARM.Collect$$rtexit$$00000004) for __rt_exit_exit
    rtexit.o(.ARM.exidx) refers (Special) to rtexit2.o(.ARM.Collect$$rtexit$$00000003) for __rt_exit_ls
    rtexit.o(.ARM.exidx) refers (Special) to rtexit2.o(.ARM.Collect$$rtexit$$00000002) for __rt_exit_prels_1
    rtexit.o(.ARM.exidx) refers to rtexit.o(.ARM.Collect$$rtexit$$00000000) for .ARM.Collect$$rtexit$$00000000
    rt_raise.o(.text) refers to __raise.o(.text) for __raise
    rt_raise.o(.text) refers to sys_exit.o(.text) for _sys_exit
    defsig_exit.o(.text) refers to sys_exit.o(.text) for _sys_exit
    defsig_fpe_inner.o(.text) refers to defsig_general.o(.text) for __default_signal_display
    argv_veneer.o(.emb_text) refers to no_argv.o(.text) for __ARM_get_argv
    sys_exit.o(.text) refers (Special) to use_no_semi.o(.text) for __I$use$semihosting
    sys_exit.o(.text) refers (Special) to indicate_semi.o(.text) for __semihosting_library_function
    rtexit2.o(.ARM.Collect$$rtexit$$00000003) refers to libshutdown.o(.ARM.Collect$$libshutdown$$00000000) for __rt_lib_shutdown
    rtexit2.o(.ARM.Collect$$rtexit$$00000004) refers to sys_exit.o(.text) for _sys_exit
    rtexit2.o(.ARM.exidx) refers to rtexit2.o(.ARM.Collect$$rtexit$$00000001) for .ARM.Collect$$rtexit$$00000001
    rtexit2.o(.ARM.exidx) refers to rtexit2.o(.ARM.Collect$$rtexit$$00000003) for .ARM.Collect$$rtexit$$00000003
    rtexit2.o(.ARM.exidx) refers to rtexit2.o(.ARM.Collect$$rtexit$$00000004) for .ARM.Collect$$rtexit$$00000004
    __raise.o(.text) refers to __printf.o(i.__ARM_common_call_via_r2) for __ARM_common_call_via_r2
    __raise.o(.text) refers to defsig.o(CL$$defsig) for __default_signal_handler
    defsig_general.o(.text) refers to sys_wrch.o(.text) for _ttywrch
    _get_argv_nomalloc.o(.text) refers (Special) to hrguard.o(.text) for __heap_region$guard
    _get_argv_nomalloc.o(.text) refers to defsig_rtmem_outer.o(.text) for __rt_SIGRTMEM
    _get_argv_nomalloc.o(.text) refers to sys_command.o(.text) for _sys_command_string
    sys_wrch.o(.text) refers (Special) to use_no_semi.o(.text) for __I$use$semihosting
    sys_wrch.o(.text) refers (Special) to indicate_semi.o(.text) for __semihosting_library_function
    sys_command.o(.text) refers (Special) to use_no_semi.o(.text) for __I$use$semihosting
    sys_command.o(.text) refers (Special) to indicate_semi.o(.text) for __semihosting_library_function
    defsig_rtmem_outer.o(.text) refers to defsig_rtmem_inner.o(.text) for __rt_SIGRTMEM_inner
    defsig_rtmem_outer.o(.text) refers to defsig_exit.o(.text) for __sig_exit
    defsig_rtmem_formal.o(.text) refers to rt_raise.o(.text) for __rt_raise
    defsig.o(CL$$defsig) refers to defsig_fpe_inner.o(.text) for __rt_SIGFPE_inner
    defsig.o(CL$$defsig) refers to defsig_rtmem_inner.o(.text) for __rt_SIGRTMEM_inner
    libshutdown.o(.ARM.Collect$$libshutdown$$00000000) refers (Special) to libshutdown2.o(.ARM.Collect$$libshutdown$$00000002) for __rt_lib_shutdown_cpp_1
    libshutdown.o(.ARM.Collect$$libshutdown$$00000000) refers (Special) to libshutdown2.o(.ARM.Collect$$libshutdown$$00000007) for __rt_lib_shutdown_fp_trap_1
    libshutdown.o(.ARM.Collect$$libshutdown$$00000000) refers (Special) to libshutdown2.o(.ARM.Collect$$libshutdown$$0000000F) for __rt_lib_shutdown_heap_1
    libshutdown.o(.ARM.Collect$$libshutdown$$00000000) refers (Special) to libshutdown2.o(.ARM.Collect$$libshutdown$$00000010) for __rt_lib_shutdown_return
    libshutdown.o(.ARM.Collect$$libshutdown$$00000000) refers (Special) to libshutdown2.o(.ARM.Collect$$libshutdown$$0000000A) for __rt_lib_shutdown_signal_1
    libshutdown.o(.ARM.Collect$$libshutdown$$00000000) refers (Special) to libshutdown2.o(.ARM.Collect$$libshutdown$$00000004) for __rt_lib_shutdown_stdio_1
    libshutdown.o(.ARM.Collect$$libshutdown$$00000000) refers (Special) to libshutdown2.o(.ARM.Collect$$libshutdown$$0000000C) for __rt_lib_shutdown_user_alloc_1
    defsig_abrt_inner.o(.text) refers to defsig_general.o(.text) for __default_signal_display
    defsig_rtred_inner.o(.text) refers to defsig_general.o(.text) for __default_signal_display
    defsig_rtmem_inner.o(.text) refers to defsig_general.o(.text) for __default_signal_display
    defsig_stak_inner.o(.text) refers to defsig_general.o(.text) for __default_signal_display
    defsig_pvfn_inner.o(.text) refers to defsig_general.o(.text) for __default_signal_display
    defsig_cppl_inner.o(.text) refers to defsig_general.o(.text) for __default_signal_display
    defsig_segv_inner.o(.text) refers to defsig_general.o(.text) for __default_signal_display
    defsig_other.o(.text) refers to defsig_general.o(.text) for __default_signal_display


==============================================================================

Removing Unused input sections from the image.

    Removing startup.o(RESET), (272 bytes).

1 unused section(s) (total 272 bytes) removed from the image.

==============================================================================

Adding Veneers to the image

    Adding TA veneer (4 bytes, Inline) for call to '_printf_percent' from __printf_ss_wp.o(.text).
    Adding AT veneer (8 bytes, Inline) for call to '__rt_lib_init' from __rtentry2.o(.ARM.Collect$$rtentry$$0000000A).
    Adding AT veneer (8 bytes, Inline) for call to '__rt_lib_shutdown' from rtexit2.o(.ARM.Collect$$rtexit$$00000003).
    Adding TA veneer (4 bytes, Inline) for call to '__rt_exit' from exit.o(.text).
    Adding AT veneer (8 bytes, Inline) for call to '__2sprintf' from business.o(i.main).
    Adding AT veneer (8 bytes, Inline) for call to '_printf_int_dec' from _printf_d.o(.ARM.Collect$$_printf_percent$$00000009).
    Adding AT veneer (8 bytes, Inline) for call to 'atoi' from business.o(i.main).
    Adding TA veneer (4 bytes, Inline) for call to '__aeabi_idivmod' from bigflt0.o(.text).
    Adding TA veneer (4 bytes, Inline) for call to '__aeabi_errno_addr' from atoi.o(.text).
    Adding AT veneer (8 bytes, Inline) for call to '_printf_string' from _printf_s.o(.ARM.Collect$$_printf_percent$$00000014).
    Adding TA veneer (4 bytes, Inline) for call to '__rt_udiv10' from _printf_dec.o(.text).
    Adding TA veneer (4 bytes, Inline) for call to '__rt_ctype_table' from strtol.o(.text).
    Adding TA veneer (4 bytes, Inline) for call to '__rt_locale' from libinit2.o(.ARM.Collect$$libinit$$0000000F).
    Adding TA veneer (4 bytes, Inline) for call to '_ll_udiv10' from _printf_fp_dec.o(.text).
    Adding AT veneer (8 bytes, Inline) for call to '_sys_exit' from rtexit2.o(.ARM.Collect$$rtexit$$00000004).
    Adding TA veneer (4 bytes, Inline) for call to '_btod_d2e' from _printf_fp_dec.o(.text).
    Adding TA veneer (4 bytes, Inline) for call to '_btod_ediv' from _printf_fp_dec.o(.text).
    Adding TA veneer (4 bytes, Inline) for call to '_btod_emul' from _printf_fp_dec.o(.text).
    Adding AT veneer (12 bytes, Long) for call to '_printf_fp_dec_real' from printf1.o(x$fpl$printf1).
    Adding TA veneer (4 bytes, Inline) for call to '__ARM_fpclassify' from _printf_fp_dec.o(.text).
    Adding TA veneer (4 bytes, Inline) for call to '_get_lc_numeric' from libinit2.o(.ARM.Collect$$libinit$$00000016).
    Adding TA veneer (4 bytes, Inline) for call to '_get_lc_ctype' from libinit2.o(.ARM.Collect$$libinit$$00000012).
    Adding TA veneer (4 bytes, Inline) for call to '__ieee_status' from _printf_fp_dec.o(.text).

23 Veneer(s) (total 128 bytes) added to the image.

==============================================================================

Image Symbol Table

    Local Symbols

    Symbol Name                              Value     Ov Type        Size  Object(Section)

    !!!main                                  0x00000000   Section        8  __main.o(!!!main)
    ../clib/angel/boardlib.s                 0x00000000   Number         0  boardinit3.o ABSOLUTE
    ../clib/angel/boardlib.s                 0x00000000   Number         0  boardinit2.o ABSOLUTE
    ../clib/angel/boardlib.s                 0x00000000   Number         0  boardshut.o ABSOLUTE
    ../clib/angel/boardlib.s                 0x00000000   Number         0  boardinit1.o ABSOLUTE
    ../clib/angel/handlers.s                 0x00000000   Number         0  __scatter_copy.o ABSOLUTE
    ../clib/angel/handlers.s                 0x00000000   Number         0  __scatter_zi.o ABSOLUTE
    ../clib/angel/kernel.s                   0x00000000   Number         0  rtexit2.o ABSOLUTE
    ../clib/angel/kernel.s                   0x00000000   Number         0  rtexit.o ABSOLUTE
    ../clib/angel/kernel.s                   0x00000000   Number         0  __rtentry4.o ABSOLUTE
    ../clib/angel/kernel.s                   0x00000000   Number         0  __rtentry2.o ABSOLUTE
    ../clib/angel/kernel.s                   0x00000000   Number         0  __rtentry.o ABSOLUTE
    ../clib/angel/rt.s                       0x00000000   Number         0  rt_locale_intlibspace.o ABSOLUTE
    ../clib/angel/rt.s                       0x00000000   Number         0  aeabi_idiv0.o ABSOLUTE
    ../clib/angel/rt.s                       0x00000000   Number         0  aeabi_idiv0_sigfpe.o ABSOLUTE
    ../clib/angel/rt.s                       0x00000000   Number         0  rt_errno_addr.o ABSOLUTE
    ../clib/angel/rt.s                       0x00000000   Number         0  rt_errno_addr_intlibspace.o ABSOLUTE
    ../clib/angel/rt.s                       0x00000000   Number         0  rt_raise.o ABSOLUTE
    ../clib/angel/rt.s                       0x00000000   Number         0  rt_div0.o ABSOLUTE
    ../clib/angel/rt.s                       0x00000000   Number         0  rt_locale.o ABSOLUTE
    ../clib/angel/rt.s                       0x00000000   Number         0  rt_ctype_table.o ABSOLUTE
    ../clib/angel/scatter.s                  0x00000000   Number         0  __scatter.o ABSOLUTE
    ../clib/angel/startup.s                  0x00000000   Number         0  __main.o ABSOLUTE
    ../clib/angel/sys.s                      0x00000000   Number         0  indicate_semi.o ABSOLUTE
    ../clib/angel/sys.s                      0x00000000   Number         0  use_no_semi.o ABSOLUTE
    ../clib/angel/sys.s                      0x00000000   Number         0  libspace.o ABSOLUTE
    ../clib/angel/sys.s                      0x00000000   Number         0  sys_stackheap_outer.o ABSOLUTE
    ../clib/angel/sysapp.c                   0x00000000   Number         0  sys_command.o ABSOLUTE
    ../clib/angel/sysapp.c                   0x00000000   Number         0  sys_exit.o ABSOLUTE
    ../clib/angel/sysapp.c                   0x00000000   Number         0  sys_wrch.o ABSOLUTE
    ../clib/armsys.c                         0x00000000   Number         0  no_argv.o ABSOLUTE
    ../clib/armsys.c                         0x00000000   Number         0  argv_veneer.o ABSOLUTE
    ../clib/armsys.c                         0x00000000   Number         0  _get_argv_nomalloc.o ABSOLUTE
    ../clib/armsys.c                         0x00000000   Number         0  argv_veneer.o ABSOLUTE
    ../clib/bigflt.c                         0x00000000   Number         0  bigflt0.o ABSOLUTE
    ../clib/btod.s                           0x00000000   Number         0  btod.o ABSOLUTE
    ../clib/division.s                       0x00000000   Number         0  aeabi_sdiv_div0.o ABSOLUTE
    ../clib/division.s                       0x00000000   Number         0  aeabi_sdiv.o ABSOLUTE
    ../clib/division.s                       0x00000000   Number         0  rtudiv10.o ABSOLUTE
    ../clib/divrt.s                          0x00000000   Number         0  divrt_7tdmi_div0.o ABSOLUTE
    ../clib/divrt.s                          0x00000000   Number         0  divrt_7tdmi.o ABSOLUTE
    ../clib/heapalloc.c                      0x00000000   Number         0  hrguard.o ABSOLUTE
    ../clib/heapaux.c                        0x00000000   Number         0  heapauxi.o ABSOLUTE
    ../clib/libinit.s                        0x00000000   Number         0  libshutdown2.o ABSOLUTE
    ../clib/libinit.s                        0x00000000   Number         0  libshutdown.o ABSOLUTE
    ../clib/libinit.s                        0x00000000   Number         0  libinit.o ABSOLUTE
    ../clib/libinit.s                        0x00000000   Number         0  libinit2.o ABSOLUTE
    ../clib/locale.s                         0x00000000   Number         0  lc_ctype_c.o ABSOLUTE
    ../clib/locale.s                         0x00000000   Number         0  lc_numeric_c.o ABSOLUTE
    ../clib/longlong.s                       0x00000000   Number         0  lludiv10.o ABSOLUTE
    ../clib/memcpset.s                       0x00000000   Number         0  strcmp.o ABSOLUTE
    ../clib/misc.s                           0x00000000   Number         0  printf_stubs.o ABSOLUTE
    ../clib/printf.c                         0x00000000   Number         0  __2sprintf.o ABSOLUTE
    ../clib/printf.c                         0x00000000   Number         0  _printf_char.o ABSOLUTE
    ../clib/printf.c                         0x00000000   Number         0  __printf_flags.o ABSOLUTE
    ../clib/printf.c                         0x00000000   Number         0  _printf_fp_infnan.o ABSOLUTE
    ../clib/printf.c                         0x00000000   Number         0  __printf_nopercent.o ABSOLUTE
    ../clib/printf.c                         0x00000000   Number         0  __printf_ss.o ABSOLUTE
    ../clib/printf.c                         0x00000000   Number         0  __printf_flags_ss.o ABSOLUTE
    ../clib/printf.c                         0x00000000   Number         0  __printf_wp.o ABSOLUTE
    ../clib/printf.c                         0x00000000   Number         0  _printf_dec.o ABSOLUTE
    ../clib/printf.c                         0x00000000   Number         0  __printf_flags_wp.o ABSOLUTE
    ../clib/printf.c                         0x00000000   Number         0  __printf_ss_wp.o ABSOLUTE
    ../clib/printf.c                         0x00000000   Number         0  _printf_str.o ABSOLUTE
    ../clib/printf.c                         0x00000000   Number         0  _printf_intcommon.o ABSOLUTE
    ../clib/printf.c                         0x00000000   Number         0  _printf_char_common.o ABSOLUTE
    ../clib/printf.c                         0x00000000   Number         0  __printf_flags_ss_wp.o ABSOLUTE
    ../clib/printf.c                         0x00000000   Number         0  _printf_pad.o ABSOLUTE
    ../clib/printf.c                         0x00000000   Number         0  _printf_fp_dec.o ABSOLUTE
    ../clib/printf.c                         0x00000000   Number         0  __printf.o ABSOLUTE
    ../clib/printf.c                         0x00000000   Number         0  noretval__2sprintf.o ABSOLUTE
    ../clib/printf.c                         0x00000000   Number         0  _sputc.o ABSOLUTE
    ../clib/printf_percent.s                 0x00000000   Number         0  _printf_percent.o ABSOLUTE
    ../clib/printf_percent.s                 0x00000000   Number         0  _printf_d.o ABSOLUTE
    ../clib/printf_percent.s                 0x00000000   Number         0  _printf_s.o ABSOLUTE
    ../clib/printf_percent.s                 0x00000000   Number         0  _printf_percent_end.o ABSOLUTE
    ../clib/printf_percent.s                 0x00000000   Number         0  _printf_f.o ABSOLUTE
    ../clib/scanf.c                          0x00000000   Number         0  _chval.o ABSOLUTE
    ../clib/scanf.c                          0x00000000   Number         0  strtol.o ABSOLUTE
    ../clib/scanf.c                          0x00000000   Number         0  _strtoul.o ABSOLUTE
    ../clib/scanf.c                          0x00000000   Number         0  atoi.o ABSOLUTE
    ../clib/signal.c                         0x00000000   Number         0  __raise.o ABSOLUTE
    ../clib/signal.c                         0x00000000   Number         0  defsig_rtmem_outer.o ABSOLUTE
    ../clib/signal.c                         0x00000000   Number         0  defsig_general.o ABSOLUTE
    ../clib/signal.c                         0x00000000   Number         0  defsig_fpe_outer.o ABSOLUTE
    ../clib/signal.c                         0x00000000   Number         0  defsig_rtmem_formal.o ABSOLUTE
    ../clib/signal.c                         0x00000000   Number         0  defsig_abrt_inner.o ABSOLUTE
    ../clib/signal.c                         0x00000000   Number         0  defsig_rtred_inner.o ABSOLUTE
    ../clib/signal.c                         0x00000000   Number         0  defsig_rtmem_inner.o ABSOLUTE
    ../clib/signal.c                         0x00000000   Number         0  defsig_fpe_formal.o ABSOLUTE
    ../clib/signal.c                         0x00000000   Number         0  defsig_pvfn_inner.o ABSOLUTE
    ../clib/signal.c                         0x00000000   Number         0  defsig_cppl_inner.o ABSOLUTE
    ../clib/signal.c                         0x00000000   Number         0  defsig_segv_inner.o ABSOLUTE
    ../clib/signal.c                         0x00000000   Number         0  defsig_other.o ABSOLUTE
    ../clib/signal.c                         0x00000000   Number         0  defsig_exit.o ABSOLUTE
    ../clib/signal.c                         0x00000000   Number         0  defsig_fpe_inner.o ABSOLUTE
    ../clib/signal.c                         0x00000000   Number         0  defsig_stak_inner.o ABSOLUTE
    ../clib/signal.s                         0x00000000   Number         0  defsig.o ABSOLUTE
    ../clib/stdlib.c                         0x00000000   Number         0  exit.o ABSOLUTE
    ../fplib/daddsub.s                       0x00000000   Number         0  daddsub_noclz.o ABSOLUTE
    ../fplib/dflt.s                          0x00000000   Number         0  dflt_noclz.o ABSOLUTE
    ../fplib/dnaninf.s                       0x00000000   Number         0  dnaninf.o ABSOLUTE
    ../fplib/dretinf.s                       0x00000000   Number         0  dretinf.o ABSOLUTE
    ../fplib/fpinit.s                        0x00000000   Number         0  fpinit.o ABSOLUTE
    ../fplib/istatus.s                       0x00000000   Number         0  istatus.o ABSOLUTE
    ../fplib/printf1.s                       0x00000000   Number         0  printf1.o ABSOLUTE
    ../fplib/usenofp.s                       0x00000000   Number         0  usenofp.o ABSOLUTE
    ../mathlib/fpclassify.c                  0x00000000   Number         0  fpclassify.o ABSOLUTE
    LCD.c                                    0x00000000   Number         0  lcd.o ABSOLUTE
    Startup.s                                0x00000000   Number         0  startup.o ABSOLUTE
    business.c                               0x00000000   Number         0  business.o ABSOLUTE
    dc.s                                     0x00000000   Number         0  dc.o ABSOLUTE
    !!!scatter                               0x00000008   Section       60  __scatter.o(!!!scatter)
    !!handler_copy                           0x00000044   Section       40  __scatter_copy.o(!!handler_copy)
    !!handler_zi                             0x0000006c   Section       44  __scatter_zi.o(!!handler_zi)
    .ARM.Collect$$_printf_percent$$00000000  0x0000009c   Section        0  _printf_percent.o(.ARM.Collect$$_printf_percent$$00000000)
    .ARM.Collect$$_printf_percent$$00000003  0x0000009c   Section        8  _printf_f.o(.ARM.Collect$$_printf_percent$$00000003)
    .ARM.Collect$$_printf_percent$$00000009  0x000000a4   Section        8  _printf_d.o(.ARM.Collect$$_printf_percent$$00000009)
    .ARM.Collect$$_printf_percent$$00000014  0x000000ac   Section        8  _printf_s.o(.ARM.Collect$$_printf_percent$$00000014)
    .ARM.Collect$$_printf_percent$$00000017  0x000000b4   Section        8  _printf_percent_end.o(.ARM.Collect$$_printf_percent$$00000017)
    .ARM.Collect$$libinit$$00000000          0x000000c4   Section        2  libinit.o(.ARM.Collect$$libinit$$00000000)
    .ARM.Collect$$libinit$$00000002          0x000000c6   Section        0  libinit2.o(.ARM.Collect$$libinit$$00000002)
    .ARM.Collect$$libinit$$00000004          0x000000c6   Section        0  libinit2.o(.ARM.Collect$$libinit$$00000004)
    .ARM.Collect$$libinit$$0000000A          0x000000c6   Section        0  libinit2.o(.ARM.Collect$$libinit$$0000000A)
    .ARM.Collect$$libinit$$0000000C          0x000000c6   Section        0  libinit2.o(.ARM.Collect$$libinit$$0000000C)
    .ARM.Collect$$libinit$$0000000E          0x000000c6   Section        0  libinit2.o(.ARM.Collect$$libinit$$0000000E)
    .ARM.Collect$$libinit$$0000000F          0x000000c6   Section        6  libinit2.o(.ARM.Collect$$libinit$$0000000F)
    .ARM.Collect$$libinit$$00000011          0x000000cc   Section        0  libinit2.o(.ARM.Collect$$libinit$$00000011)
    .ARM.Collect$$libinit$$00000012          0x000000cc   Section       12  libinit2.o(.ARM.Collect$$libinit$$00000012)
    .ARM.Collect$$libinit$$00000013          0x000000d8   Section        0  libinit2.o(.ARM.Collect$$libinit$$00000013)
    .ARM.Collect$$libinit$$00000015          0x000000d8   Section        0  libinit2.o(.ARM.Collect$$libinit$$00000015)
    .ARM.Collect$$libinit$$00000016          0x000000d8   Section       10  libinit2.o(.ARM.Collect$$libinit$$00000016)
    .ARM.Collect$$libinit$$00000017          0x000000e2   Section        0  libinit2.o(.ARM.Collect$$libinit$$00000017)
    .ARM.Collect$$libinit$$00000019          0x000000e2   Section        0  libinit2.o(.ARM.Collect$$libinit$$00000019)
    .ARM.Collect$$libinit$$0000001B          0x000000e2   Section        0  libinit2.o(.ARM.Collect$$libinit$$0000001B)
    .ARM.Collect$$libinit$$0000001D          0x000000e2   Section        0  libinit2.o(.ARM.Collect$$libinit$$0000001D)
    .ARM.Collect$$libinit$$0000001F          0x000000e2   Section        0  libinit2.o(.ARM.Collect$$libinit$$0000001F)
    .ARM.Collect$$libinit$$00000021          0x000000e2   Section        0  libinit2.o(.ARM.Collect$$libinit$$00000021)
    .ARM.Collect$$libinit$$00000023          0x000000e2   Section        0  libinit2.o(.ARM.Collect$$libinit$$00000023)
    .ARM.Collect$$libinit$$00000025          0x000000e2   Section        0  libinit2.o(.ARM.Collect$$libinit$$00000025)
    .ARM.Collect$$libinit$$0000002C          0x000000e2   Section        0  libinit2.o(.ARM.Collect$$libinit$$0000002C)
    .ARM.Collect$$libinit$$0000002E          0x000000e2   Section        0  libinit2.o(.ARM.Collect$$libinit$$0000002E)
    .ARM.Collect$$libinit$$00000030          0x000000e2   Section        0  libinit2.o(.ARM.Collect$$libinit$$00000030)
    .ARM.Collect$$libinit$$00000032          0x000000e2   Section        0  libinit2.o(.ARM.Collect$$libinit$$00000032)
    .ARM.Collect$$libinit$$00000033          0x000000e2   Section       12  libinit2.o(.ARM.Collect$$libinit$$00000033)
    .ARM.Collect$$libshutdown$$00000000      0x000000f8   Section        4  libshutdown.o(.ARM.Collect$$libshutdown$$00000000)
    .ARM.Collect$$libshutdown$$00000002      0x000000fc   Section        0  libshutdown2.o(.ARM.Collect$$libshutdown$$00000002)
    .ARM.Collect$$libshutdown$$00000004      0x000000fc   Section        0  libshutdown2.o(.ARM.Collect$$libshutdown$$00000004)
    .ARM.Collect$$libshutdown$$00000007      0x000000fc   Section        0  libshutdown2.o(.ARM.Collect$$libshutdown$$00000007)
    .ARM.Collect$$libshutdown$$0000000A      0x000000fc   Section        0  libshutdown2.o(.ARM.Collect$$libshutdown$$0000000A)
    .ARM.Collect$$libshutdown$$0000000C      0x000000fc   Section        0  libshutdown2.o(.ARM.Collect$$libshutdown$$0000000C)
    .ARM.Collect$$libshutdown$$0000000F      0x000000fc   Section        0  libshutdown2.o(.ARM.Collect$$libshutdown$$0000000F)
    .ARM.Collect$$libshutdown$$00000010      0x000000fc   Section        6  libshutdown2.o(.ARM.Collect$$libshutdown$$00000010)
    .ARM.Collect$$rtentry$$00000000          0x00000104   Section        0  __rtentry.o(.ARM.Collect$$rtentry$$00000000)
    .ARM.Collect$$rtentry$$00000002          0x00000104   Section        0  __rtentry2.o(.ARM.Collect$$rtentry$$00000002)
    .ARM.Collect$$rtentry$$00000004          0x00000104   Section        8  __rtentry4.o(.ARM.Collect$$rtentry$$00000004)
    .ARM.Collect$$rtentry$$00000009          0x0000010c   Section        0  __rtentry2.o(.ARM.Collect$$rtentry$$00000009)
    .ARM.Collect$$rtentry$$0000000A          0x0000010c   Section        4  __rtentry2.o(.ARM.Collect$$rtentry$$0000000A)
    .ARM.Collect$$rtentry$$0000000C          0x00000110   Section        0  __rtentry2.o(.ARM.Collect$$rtentry$$0000000C)
    .ARM.Collect$$rtentry$$0000000D          0x00000110   Section       40  __rtentry2.o(.ARM.Collect$$rtentry$$0000000D)
    .ARM.Collect$$rtexit$$00000000           0x0000013c   Section        4  rtexit.o(.ARM.Collect$$rtexit$$00000000)
    .ARM.Collect$$rtexit$$00000002           0x00000140   Section        0  rtexit2.o(.ARM.Collect$$rtexit$$00000002)
    .ARM.Collect$$rtexit$$00000003           0x00000140   Section        4  rtexit2.o(.ARM.Collect$$rtexit$$00000003)
    .ARM.Collect$$rtexit$$00000004           0x00000144   Section        8  rtexit2.o(.ARM.Collect$$rtexit$$00000004)
    .text                                    0x0000014c   Section       32  startup.o(.text)
    .text                                    0x00000174   Section        0  noretval__2sprintf.o(.text)
    .text                                    0x0000019c   Section        0  _printf_pad.o(.text)
    .text                                    0x000001f2   Section        0  _printf_str.o(.text)
    .text                                    0x00000254   Section        0  _printf_dec.o(.text)
    .text                                    0x000002c4   Section        0  __printf_ss_wp.o(.text)
    .text                                    0x00000440   Section        0  atoi.o(.text)
    .text                                    0x00000460   Section      244  strcmp.o(.text)
    .text                                    0x00000558   Section      384  aeabi_sdiv.o(.text)
    __arm_div8                               0x00000584   ARM Code       0  aeabi_sdiv.o(.text)
    __arm_div5                               0x000005a8   ARM Code       0  aeabi_sdiv.o(.text)
    __arm_div2                               0x000005cc   ARM Code       0  aeabi_sdiv.o(.text)
    __arm_div_large                          0x00000608   ARM Code       0  aeabi_sdiv.o(.text)
    .text                                    0x000006d8   Section        0  heapauxi.o(.text)
    .text                                    0x000006e4   Section       12  rt_errno_addr_intlibspace.o(.text)
    .text                                    0x000006f0   Section        0  _printf_intcommon.o(.text)
    .text                                    0x000007ac   Section        0  _printf_fp_dec.o(.text)
    _fp_digits                               0x000007af   Thumb Code   414  _printf_fp_dec.o(.text)
    .text                                    0x00000bcc   Section        0  _printf_char_common.o(.text)
    _printf_input_char                       0x00000bcd   Thumb Code    10  _printf_char_common.o(.text)
    .text                                    0x00000bfc   Section        0  _sputc.o(.text)
    .text                                    0x00000c10   Section        0  _printf_char.o(.text)
    .text                                    0x00000c44   Section        0  strtol.o(.text)
    .text                                    0x00000cbc   Section       44  rtudiv10.o(.text)
    .text                                    0x00000ce8   Section       12  libspace.o(.text)
    .text                                    0x00000cf8   Section       24  rt_ctype_table.o(.text)
    .text                                    0x00000d14   Section       12  rt_locale_intlibspace.o(.text)
    .text                                    0x00000d24   Section      160  lludiv10.o(.text)
    .text                                    0x00000dc4   Section        0  _printf_fp_infnan.o(.text)
    .text                                    0x00000e54   Section        0  _strtoul.o(.text)
    .text                                    0x00000f00   Section        0  bigflt0.o(.text)
    .text                                    0x00000fdc   Section       96  sys_stackheap_outer.o(.text)
    .text                                    0x0000103c   Section        0  _chval.o(.text)
    .text                                    0x0000105a   Section        0  exit.o(.text)
    .text                                    0x00001078   Section        0  sys_exit.o(.text)
    .text                                    0x00001084   Section        4  use_no_semi.o(.text)
    .text                                    0x00001088   Section        0  indicate_semi.o(.text)
    CL$$btod_d2e                             0x0000108c   Section       56  btod.o(CL$$btod_d2e)
    CL$$btod_d2e_denorm_low                  0x000010c4   Section       84  btod.o(CL$$btod_d2e_denorm_low)
    CL$$btod_d2e_norm_op1                    0x00001118   Section      104  btod.o(CL$$btod_d2e_norm_op1)
    CL$$btod_div_common                      0x00001180   Section      844  btod.o(CL$$btod_div_common)
    CL$$btod_e2e                             0x000014cc   Section      244  btod.o(CL$$btod_e2e)
    CL$$btod_ediv                            0x000015c4   Section       56  btod.o(CL$$btod_ediv)
    CL$$btod_emul                            0x00001600   Section       56  btod.o(CL$$btod_emul)
    CL$$btod_mult_common                     0x00001638   Section      616  btod.o(CL$$btod_mult_common)
    i.LCD_CmdWrite                           0x000018ac   Section        0  lcd.o(i.LCD_CmdWrite)
    i.LCD_DataWrite                          0x000018dc   Section        0  lcd.o(i.LCD_DataWrite)
    i.LCD_DisplayString                      0x0000190c   Section        0  lcd.o(i.LCD_DisplayString)
    i.LCD_Init                               0x00001934   Section        0  lcd.o(i.LCD_Init)
    i.LCD_Reset                              0x0000196c   Section        0  lcd.o(i.LCD_Reset)
    i.LCD_SendCmdSignals                     0x000019c8   Section        0  lcd.o(i.LCD_SendCmdSignals)
    i.LCD_SendDataSignals                    0x00001a00   Section        0  lcd.o(i.LCD_SendDataSignals)
    i.LCD_SendHigherNibble                   0x00001a38   Section        0  lcd.o(i.LCD_SendHigherNibble)
    i.RTC_GetDateTime                        0x00001a5c   Section        0  business.o(i.RTC_GetDateTime)
    i.RTC_Init                               0x00001ab8   Section        0  business.o(i.RTC_Init)
    i.RTC_SetDateTime                        0x00001acc   Section        0  business.o(i.RTC_SetDateTime)
    i.SystemInit                             0x00001b10   Section        0  business.o(i.SystemInit)
    i.Timer1_ISR                             0x00001b78   Section        0  business.o(i.Timer1_ISR)
    i.__ARM_common_call_via_r1               0x00001be4   Section        0  __printf.o(i.__ARM_common_call_via_r1)
    i.__ARM_common_call_via_r2               0x00001be6   Section        0  __printf.o(i.__ARM_common_call_via_r2)
    i.__ARM_fpclassify                       0x00001bec   Section        0  fpclassify.o(i.__ARM_fpclassify)
    i._is_digit                              0x00001c1c   Section        0  __printf_wp.o(i._is_digit)
    i.adc                                    0x00001c2c   Section        0  business.o(i.adc)
    i.board                                  0x00001d18   Section        0  business.o(i.board)
    i.delay                                  0x00002108   Section        0  business.o(i.delay)
    i.delay_ms                               0x00002170   Section        0  lcd.o(i.delay_ms)
    i.delay_us                               0x000021a4   Section        0  lcd.o(i.delay_us)
    i.getAlphaCode                           0x000021d8   Section        0  business.o(i.getAlphaCode)
    i.load_cell                              0x000022d8   Section        0  business.o(i.load_cell)
    i.main                                   0x0000233c   Section        0  business.o(i.main)
    i.serialPrint                            0x000025cc   Section        0  business.o(i.serialPrint)
    i.serialPrintStr                         0x00002640   Section        0  business.o(i.serialPrintStr)
    i.seven_seg                              0x00002684   Section        0  business.o(i.seven_seg)
    i.timer1_Init                            0x0000279c   Section        0  business.o(i.timer1_Init)
    i.uart_init                              0x000027f8   Section        0  business.o(i.uart_init)
    locale$$code                             0x0000283c   Section       80  lc_numeric_c.o(locale$$code)
    locale$$code                             0x00002890   Section       80  lc_ctype_c.o(locale$$code)
    x$fpl$dadd                               0x000028e0   Section      340  daddsub_noclz.o(x$fpl$dadd)
    _dadd1                                   0x000028f0   ARM Code       0  daddsub_noclz.o(x$fpl$dadd)
    x$fpl$dflt                               0x00002a34   Section       88  dflt_noclz.o(x$fpl$dflt)
    x$fpl$dnaninf                            0x00002a8c   Section      192  dnaninf.o(x$fpl$dnaninf)
    x$fpl$dretinf                            0x00002b4c   Section       16  dretinf.o(x$fpl$dretinf)
    x$fpl$dsub                               0x00002b5c   Section      580  daddsub_noclz.o(x$fpl$dsub)
    _dsub1                                   0x00002b6c   ARM Code       0  daddsub_noclz.o(x$fpl$dsub)
    x$fpl$ieeestatus                         0x00002da4   Section        8  istatus.o(x$fpl$ieeestatus)
    x$fpl$printf1                            0x00002dac   Section        4  printf1.o(x$fpl$printf1)
    .constdata                               0x00002db0   Section      148  bigflt0.o(.constdata)
    x$fpl$usenofp                            0x00002db0   Section        0  usenofp.o(x$fpl$usenofp)
    tenpwrs_x                                0x00002db0   Data          60  bigflt0.o(.constdata)
    tenpwrs_i                                0x00002dec   Data          64  bigflt0.o(.constdata)
    locale$$data                             0x00002e64   Section       28  lc_numeric_c.o(locale$$data)
    __lcnum_c_name                           0x00002e68   Data           2  lc_numeric_c.o(locale$$data)
    __lcnum_c_start                          0x00002e70   Data           0  lc_numeric_c.o(locale$$data)
    __lcnum_c_point                          0x00002e7c   Data           0  lc_numeric_c.o(locale$$data)
    __lcnum_c_thousands                      0x00002e7e   Data           0  lc_numeric_c.o(locale$$data)
    __lcnum_c_grouping                       0x00002e7f   Data           0  lc_numeric_c.o(locale$$data)
    locale$$data                             0x00002e80   Section      272  lc_ctype_c.o(locale$$data)
    __lcnum_c_end                            0x00002e80   Data           0  lc_numeric_c.o(locale$$data)
    __lcctype_c_name                         0x00002e84   Data           2  lc_ctype_c.o(locale$$data)
    __lcctype_c_start                        0x00002e8c   Data           0  lc_ctype_c.o(locale$$data)
    __lcctype_c_end                          0x00002f90   Data           0  lc_ctype_c.o(locale$$data)
    .data                                    0x40000000   Section      240  business.o(.data)
    .bss                                     0x400000f0   Section       12  business.o(.bss)
    .bss                                     0x400000fc   Section       96  libspace.o(.bss)
    HEAP                                     0x40000160   Section        0  startup.o(HEAP)
    STACK                                    0x40000160   Section     1160  startup.o(STACK)
    Heap_Mem                                 0x40000160   Data           0  startup.o(HEAP)
    Stack_Mem                                0x40000160   Data        1024  startup.o(STACK)
    Stack_Top                                0x400005e8   Data           0  startup.o(STACK)

    Global Symbols

    Symbol Name                              Value     Ov Type        Size  Object(Section)

    BuildAttributes$$THM_ISAv1$ARM_ISAv4$S$PE$A:L22$X:L11$S22$IEEE1$IW$USESV6$~STKCKD$USESV7$~SHL$OTIME$ROPI$IEEEJ$EBA8$UX$STANDARDLIB$REQ8$PRES8$EABIv2 0x00000000   Number         0  anon$$obj.o ABSOLUTE
    __ARM_use_no_argv                        0x00000000   Number         0  business.o ABSOLUTE
    __main                                   0x00000000   ARM Code       8  __main.o(!!!main)
    _printf_flags                            0x00000000   Number         0  printf_stubs.o ABSOLUTE
    _printf_return_value                     0x00000000   Number         0  printf_stubs.o ABSOLUTE
    _printf_sizespec                         0x00000000   Number         0  printf_stubs.o ABSOLUTE
    _printf_widthprec                        0x00000000   Number         0  printf_stubs.o ABSOLUTE
    __ARM_exceptions_init                     - Undefined Weak Reference
    __alloca_initialize                       - Undefined Weak Reference
    __arm_preinit_                            - Undefined Weak Reference
    __cpp_initialize__aeabi_                  - Undefined Weak Reference
    __cxa_finalize                            - Undefined Weak Reference
    __sigvec_lookup                           - Undefined Weak Reference
    _atexit_init                              - Undefined Weak Reference
    _call_atexit_fns                          - Undefined Weak Reference
    _clock_init                               - Undefined Weak Reference
    _fp_trap_init                             - Undefined Weak Reference
    _fp_trap_shutdown                         - Undefined Weak Reference
    _get_lc_collate                           - Undefined Weak Reference
    _get_lc_monetary                          - Undefined Weak Reference
    _get_lc_time                              - Undefined Weak Reference
    _getenv_init                              - Undefined Weak Reference
    _handle_redirection                       - Undefined Weak Reference
    _init_alloc                               - Undefined Weak Reference
    _init_user_alloc                          - Undefined Weak Reference
    _initio                                   - Undefined Weak Reference
    _printf_mbtowc                            - Undefined Weak Reference
    _printf_truncate_signed                   - Undefined Weak Reference
    _printf_truncate_unsigned                 - Undefined Weak Reference
    _rand_init                                - Undefined Weak Reference
    _signal_finish                            - Undefined Weak Reference
    _signal_init                              - Undefined Weak Reference
    _terminate_alloc                          - Undefined Weak Reference
    _terminate_user_alloc                     - Undefined Weak Reference
    _terminateio                              - Undefined Weak Reference
    __scatterload                            0x00000008   ARM Code       0  __scatter.o(!!!scatter)
    __scatterload_rt2                        0x00000008   ARM Code      52  __scatter.o(!!!scatter)
    __scatterload_null                       0x0000001c   ARM Code       0  __scatter.o(!!!scatter)
    __scatterload_copy                       0x00000044   ARM Code      40  __scatter_copy.o(!!handler_copy)
    __scatterload_zeroinit                   0x0000006c   ARM Code      44  __scatter_zi.o(!!handler_zi)
    Inline Thumb to ARM Veneer to _printf_percent 0x00000099   Thumb Code     4  _printf_percent.o(.ARM.Collect$$_printf_percent$$00000000)
    _printf_f                                0x0000009c   ARM Code       0  _printf_f.o(.ARM.Collect$$_printf_percent$$00000003)
    _printf_percent                          0x0000009c   ARM Code       0  _printf_percent.o(.ARM.Collect$$_printf_percent$$00000000)
    _printf_d                                0x000000a4   ARM Code       0  _printf_d.o(.ARM.Collect$$_printf_percent$$00000009)
    _printf_s                                0x000000ac   ARM Code       0  _printf_s.o(.ARM.Collect$$_printf_percent$$00000014)
    _printf_percent_end                      0x000000b4   ARM Code       0  _printf_percent_end.o(.ARM.Collect$$_printf_percent$$00000017)
    Inline ARM to Thumb Veneer to __rt_lib_init 0x000000bc   ARM Code       8  libinit.o(.ARM.Collect$$libinit$$00000000)
    __rt_lib_init                            0x000000c5   Thumb Code     0  libinit.o(.ARM.Collect$$libinit$$00000000)
    __rt_lib_init_fp_1                       0x000000c7   Thumb Code     0  libinit2.o(.ARM.Collect$$libinit$$00000002)
    __rt_lib_init_heap_1                     0x000000c7   Thumb Code     0  libinit2.o(.ARM.Collect$$libinit$$0000000A)
    __rt_lib_init_lc_common                  0x000000c7   Thumb Code     0  libinit2.o(.ARM.Collect$$libinit$$0000000F)
    __rt_lib_init_preinit_1                  0x000000c7   Thumb Code     0  libinit2.o(.ARM.Collect$$libinit$$00000004)
    __rt_lib_init_rand_1                     0x000000c7   Thumb Code     0  libinit2.o(.ARM.Collect$$libinit$$0000000E)
    __rt_lib_init_user_alloc_1               0x000000c7   Thumb Code     0  libinit2.o(.ARM.Collect$$libinit$$0000000C)
    __rt_lib_init_lc_collate_1               0x000000cd   Thumb Code     0  libinit2.o(.ARM.Collect$$libinit$$00000011)
    __rt_lib_init_lc_ctype_2                 0x000000cd   Thumb Code     0  libinit2.o(.ARM.Collect$$libinit$$00000012)
    __rt_lib_init_lc_ctype_1                 0x000000d9   Thumb Code     0  libinit2.o(.ARM.Collect$$libinit$$00000013)
    __rt_lib_init_lc_monetary_1              0x000000d9   Thumb Code     0  libinit2.o(.ARM.Collect$$libinit$$00000015)
    __rt_lib_init_lc_numeric_2               0x000000d9   Thumb Code     0  libinit2.o(.ARM.Collect$$libinit$$00000016)
    __rt_lib_init_alloca_1                   0x000000e3   Thumb Code     0  libinit2.o(.ARM.Collect$$libinit$$0000002E)
    __rt_lib_init_argv_1                     0x000000e3   Thumb Code     0  libinit2.o(.ARM.Collect$$libinit$$0000002C)
    __rt_lib_init_atexit_1                   0x000000e3   Thumb Code     0  libinit2.o(.ARM.Collect$$libinit$$0000001B)
    __rt_lib_init_clock_1                    0x000000e3   Thumb Code     0  libinit2.o(.ARM.Collect$$libinit$$00000021)
    __rt_lib_init_cpp_1                      0x000000e3   Thumb Code     0  libinit2.o(.ARM.Collect$$libinit$$00000032)
    __rt_lib_init_exceptions_1               0x000000e3   Thumb Code     0  libinit2.o(.ARM.Collect$$libinit$$00000030)
    __rt_lib_init_fp_trap_1                  0x000000e3   Thumb Code     0  libinit2.o(.ARM.Collect$$libinit$$0000001F)
    __rt_lib_init_getenv_1                   0x000000e3   Thumb Code     0  libinit2.o(.ARM.Collect$$libinit$$00000023)
    __rt_lib_init_lc_numeric_1               0x000000e3   Thumb Code     0  libinit2.o(.ARM.Collect$$libinit$$00000017)
    __rt_lib_init_lc_time_1                  0x000000e3   Thumb Code     0  libinit2.o(.ARM.Collect$$libinit$$00000019)
    __rt_lib_init_return                     0x000000e3   Thumb Code     0  libinit2.o(.ARM.Collect$$libinit$$00000033)
    __rt_lib_init_signal_1                   0x000000e3   Thumb Code     0  libinit2.o(.ARM.Collect$$libinit$$0000001D)
    __rt_lib_init_stdio_1                    0x000000e3   Thumb Code     0  libinit2.o(.ARM.Collect$$libinit$$00000025)
    Inline ARM to Thumb Veneer to __rt_lib_shutdown 0x000000f0   ARM Code       8  libshutdown.o(.ARM.Collect$$libshutdown$$00000000)
    __rt_lib_shutdown                        0x000000f9   Thumb Code     0  libshutdown.o(.ARM.Collect$$libshutdown$$00000000)
    __rt_lib_shutdown_cpp_1                  0x000000fd   Thumb Code     0  libshutdown2.o(.ARM.Collect$$libshutdown$$00000002)
    __rt_lib_shutdown_fp_trap_1              0x000000fd   Thumb Code     0  libshutdown2.o(.ARM.Collect$$libshutdown$$00000007)
    __rt_lib_shutdown_heap_1                 0x000000fd   Thumb Code     0  libshutdown2.o(.ARM.Collect$$libshutdown$$0000000F)
    __rt_lib_shutdown_return                 0x000000fd   Thumb Code     0  libshutdown2.o(.ARM.Collect$$libshutdown$$00000010)
    __rt_lib_shutdown_signal_1               0x000000fd   Thumb Code     0  libshutdown2.o(.ARM.Collect$$libshutdown$$0000000A)
    __rt_lib_shutdown_stdio_1                0x000000fd   Thumb Code     0  libshutdown2.o(.ARM.Collect$$libshutdown$$00000004)
    __rt_lib_shutdown_user_alloc_1           0x000000fd   Thumb Code     0  libshutdown2.o(.ARM.Collect$$libshutdown$$0000000C)
    __rt_entry                               0x00000104   ARM Code       0  __rtentry.o(.ARM.Collect$$rtentry$$00000000)
    __rt_entry_presh_1                       0x00000104   ARM Code       0  __rtentry2.o(.ARM.Collect$$rtentry$$00000002)
    __rt_entry_sh                            0x00000104   ARM Code       0  __rtentry4.o(.ARM.Collect$$rtentry$$00000004)
    __rt_entry_li                            0x0000010c   ARM Code       0  __rtentry2.o(.ARM.Collect$$rtentry$$0000000A)
    __rt_entry_postsh_1                      0x0000010c   ARM Code       0  __rtentry2.o(.ARM.Collect$$rtentry$$00000009)
    __rt_entry_main                          0x00000110   ARM Code       0  __rtentry2.o(.ARM.Collect$$rtentry$$0000000D)
    __rt_entry_postli_1                      0x00000110   ARM Code       0  __rtentry2.o(.ARM.Collect$$rtentry$$0000000C)
    Inline Thumb to ARM Veneer to __rt_exit  0x00000139   Thumb Code     4  rtexit.o(.ARM.Collect$$rtexit$$00000000)
    __rt_exit                                0x0000013c   ARM Code       0  rtexit.o(.ARM.Collect$$rtexit$$00000000)
    __rt_exit_ls                             0x00000140   ARM Code       0  rtexit2.o(.ARM.Collect$$rtexit$$00000003)
    __rt_exit_prels_1                        0x00000140   ARM Code       0  rtexit2.o(.ARM.Collect$$rtexit$$00000002)
    __rt_exit_exit                           0x00000144   ARM Code       0  rtexit2.o(.ARM.Collect$$rtexit$$00000004)
    __user_initial_stackheap                 0x0000014c   ARM Code       0  startup.o(.text)
    Inline ARM to Thumb Veneer to __2sprintf 0x0000016c   ARM Code       8  noretval__2sprintf.o(.text)
    __2sprintf                               0x00000175   Thumb Code    36  noretval__2sprintf.o(.text)
    _printf_pre_padding                      0x0000019d   Thumb Code    50  _printf_pad.o(.text)
    _printf_post_padding                     0x000001cf   Thumb Code    36  _printf_pad.o(.text)
    _printf_str                              0x000001f3   Thumb Code    88  _printf_str.o(.text)
    Inline ARM to Thumb Veneer to _printf_int_dec 0x0000024c   ARM Code       8  _printf_dec.o(.text)
    _printf_int_dec                          0x00000255   Thumb Code    94  _printf_dec.o(.text)
    __printf                                 0x000002c5   Thumb Code   372  __printf_ss_wp.o(.text)
    Inline ARM to Thumb Veneer to atoi       0x00000438   ARM Code       8  atoi.o(.text)
    atoi                                     0x00000441   Thumb Code    30  atoi.o(.text)
    strcmp                                   0x00000460   ARM Code     240  strcmp.o(.text)
    Inline Thumb to ARM Veneer to __aeabi_idivmod 0x00000555   Thumb Code     4  aeabi_sdiv.o(.text)
    __aeabi_idiv                             0x00000558   ARM Code       0  aeabi_sdiv.o(.text)
    __aeabi_idivmod                          0x00000558   ARM Code     384  aeabi_sdiv.o(.text)
    __use_two_region_memory                  0x000006d9   Thumb Code     2  heapauxi.o(.text)
    __rt_heap_escrow$2region                 0x000006db   Thumb Code     2  heapauxi.o(.text)
    __rt_heap_expand$2region                 0x000006dd   Thumb Code     2  heapauxi.o(.text)
    Inline Thumb to ARM Veneer to __aeabi_errno_addr 0x000006e1   Thumb Code     4  rt_errno_addr_intlibspace.o(.text)
    __aeabi_errno_addr                       0x000006e4   ARM Code      12  rt_errno_addr_intlibspace.o(.text)
    __errno$intlibspace                      0x000006e4   ARM Code       0  rt_errno_addr_intlibspace.o(.text)
    __rt_errno_addr$intlibspace              0x000006e4   ARM Code       0  rt_errno_addr_intlibspace.o(.text)
    _printf_int_common                       0x000006f1   Thumb Code   186  _printf_intcommon.o(.text)
    __lib_sel_fp_printf                      0x000007ad   Thumb Code     2  _printf_fp_dec.o(.text)
    _printf_fp_dec_real                      0x0000094d   Thumb Code   628  _printf_fp_dec.o(.text)
    _printf_char_common                      0x00000bd7   Thumb Code    34  _printf_char_common.o(.text)
    _sputc                                   0x00000bfd   Thumb Code    10  _sputc.o(.text)
    Inline ARM to Thumb Veneer to _printf_string 0x00000c08   ARM Code       8  _printf_char.o(.text)
    _printf_cs_common                        0x00000c11   Thumb Code    26  _printf_char.o(.text)
    _printf_char                             0x00000c2b   Thumb Code    16  _printf_char.o(.text)
    _printf_string                           0x00000c3b   Thumb Code     8  _printf_char.o(.text)
    strtol                                   0x00000c45   Thumb Code   112  strtol.o(.text)
    Inline Thumb to ARM Veneer to __rt_udiv10 0x00000cb9   Thumb Code     4  rtudiv10.o(.text)
    __rt_udiv10                              0x00000cbc   ARM Code      44  rtudiv10.o(.text)
    __user_libspace                          0x00000ce8   ARM Code      12  libspace.o(.text)
    __user_perproc_libspace                  0x00000ce8   ARM Code       0  libspace.o(.text)
    __user_perthread_libspace                0x00000ce8   ARM Code       0  libspace.o(.text)
    Inline Thumb to ARM Veneer to __rt_ctype_table 0x00000cf5   Thumb Code     4  rt_ctype_table.o(.text)
    __rt_ctype_table                         0x00000cf8   ARM Code      24  rt_ctype_table.o(.text)
    Inline Thumb to ARM Veneer to __rt_locale 0x00000d11   Thumb Code     4  rt_locale_intlibspace.o(.text)
    __rt_locale                              0x00000d14   ARM Code      12  rt_locale_intlibspace.o(.text)
    Inline Thumb to ARM Veneer to _ll_udiv10 0x00000d21   Thumb Code     4  lludiv10.o(.text)
    _ll_udiv10                               0x00000d24   ARM Code     160  lludiv10.o(.text)
    _printf_fp_infnan                        0x00000dc5   Thumb Code   128  _printf_fp_infnan.o(.text)
    _strtoul                                 0x00000e55   Thumb Code   172  _strtoul.o(.text)
    _btod_etento                             0x00000f01   Thumb Code   214  bigflt0.o(.text)
    __user_setup_stackheap                   0x00000fdc   ARM Code      96  sys_stackheap_outer.o(.text)
    _chval                                   0x0000103d   Thumb Code    30  _chval.o(.text)
    exit                                     0x0000105b   Thumb Code    20  exit.o(.text)
    Inline ARM to Thumb Veneer to _sys_exit  0x00001070   ARM Code       8  sys_exit.o(.text)
    _sys_exit                                0x00001079   Thumb Code     8  sys_exit.o(.text)
    __I$use$semihosting                      0x00001084   ARM Code       0  use_no_semi.o(.text)
    __use_no_semihosting_swi                 0x00001084   ARM Code       4  use_no_semi.o(.text)
    Inline Thumb to ARM Veneer to _btod_d2e  0x00001089   Thumb Code     4  btod.o(CL$$btod_d2e)
    __semihosting_library_function           0x00001088   ARM Code       0  indicate_semi.o(.text)
    _btod_d2e                                0x0000108c   ARM Code      56  btod.o(CL$$btod_d2e)
    _d2e_denorm_low                          0x000010c4   ARM Code      84  btod.o(CL$$btod_d2e_denorm_low)
    _d2e_norm_op1                            0x00001118   ARM Code     104  btod.o(CL$$btod_d2e_norm_op1)
    __btod_div_common                        0x00001180   ARM Code     716  btod.o(CL$$btod_div_common)
    _e2e                                     0x000014cc   ARM Code     244  btod.o(CL$$btod_e2e)
    Inline Thumb to ARM Veneer to _btod_ediv 0x000015c1   Thumb Code     4  btod.o(CL$$btod_ediv)
    _btod_ediv                               0x000015c4   ARM Code      56  btod.o(CL$$btod_ediv)
    Inline Thumb to ARM Veneer to _btod_emul 0x000015fd   Thumb Code     4  btod.o(CL$$btod_emul)
    _btod_emul                               0x00001600   ARM Code      56  btod.o(CL$$btod_emul)
    __btod_mult_common                       0x00001638   ARM Code     616  btod.o(CL$$btod_mult_common)
    Long ARM to Thumb Veneer to _printf_fp_dec_real 0x000018a0   ARM Code      12  anon$$obj.o(Veneer$$Code)
    LCD_CmdWrite                             0x000018ac   ARM Code      48  lcd.o(i.LCD_CmdWrite)
    LCD_DataWrite                            0x000018dc   ARM Code      48  lcd.o(i.LCD_DataWrite)
    LCD_DisplayString                        0x0000190c   ARM Code      40  lcd.o(i.LCD_DisplayString)
    LCD_Init                                 0x00001934   ARM Code      56  lcd.o(i.LCD_Init)
    LCD_Reset                                0x0000196c   ARM Code      92  lcd.o(i.LCD_Reset)
    LCD_SendCmdSignals                       0x000019c8   ARM Code      52  lcd.o(i.LCD_SendCmdSignals)
    LCD_SendDataSignals                      0x00001a00   ARM Code      52  lcd.o(i.LCD_SendDataSignals)
    LCD_SendHigherNibble                     0x00001a38   ARM Code      32  lcd.o(i.LCD_SendHigherNibble)
    RTC_GetDateTime                          0x00001a5c   ARM Code      88  business.o(i.RTC_GetDateTime)
    RTC_Init                                 0x00001ab8   ARM Code      16  business.o(i.RTC_Init)
    RTC_SetDateTime                          0x00001acc   ARM Code      64  business.o(i.RTC_SetDateTime)
    SystemInit                               0x00001b10   ARM Code     100  business.o(i.SystemInit)
    Timer1_ISR                               0x00001b78   ARM Code      96  business.o(i.Timer1_ISR)
    __ARM_common_call_via_r1                 0x00001be5   Thumb Code     2  __printf.o(i.__ARM_common_call_via_r1)
    __ARM_common_call_via_r2                 0x00001be7   Thumb Code     2  __printf.o(i.__ARM_common_call_via_r2)
    Inline Thumb to ARM Veneer to __ARM_fpclassify 0x00001be9   Thumb Code     4  fpclassify.o(i.__ARM_fpclassify)
    __ARM_fpclassify                         0x00001bec   ARM Code      48  fpclassify.o(i.__ARM_fpclassify)
    _is_digit                                0x00001c1d   Thumb Code    14  __printf_wp.o(i._is_digit)
    adc                                      0x00001c2c   ARM Code     220  business.o(i.adc)
    board                                    0x00001d18   ARM Code     988  business.o(i.board)
    delay                                    0x00002108   ARM Code     100  business.o(i.delay)
    delay_ms                                 0x00002170   ARM Code      48  lcd.o(i.delay_ms)
    delay_us                                 0x000021a4   ARM Code      52  lcd.o(i.delay_us)
    getAlphaCode                             0x000021d8   ARM Code     256  business.o(i.getAlphaCode)
    load_cell                                0x000022d8   ARM Code      96  business.o(i.load_cell)
    main                                     0x0000233c   ARM Code     656  business.o(i.main)
    serialPrint                              0x000025cc   ARM Code     104  business.o(i.serialPrint)
    serialPrintStr                           0x00002640   ARM Code      64  business.o(i.serialPrintStr)
    seven_seg                                0x00002684   ARM Code     276  business.o(i.seven_seg)
    timer1_Init                              0x0000279c   ARM Code      80  business.o(i.timer1_Init)
    uart_init                                0x000027f8   ARM Code      60  business.o(i.uart_init)
    Inline Thumb to ARM Veneer to _get_lc_numeric 0x00002839   Thumb Code     4  lc_numeric_c.o(locale$$code)
    _get_lc_numeric                          0x0000283c   ARM Code      80  lc_numeric_c.o(locale$$code)
    Inline Thumb to ARM Veneer to _get_lc_ctype 0x0000288d   Thumb Code     4  lc_ctype_c.o(locale$$code)
    _get_lc_ctype                            0x00002890   ARM Code      80  lc_ctype_c.o(locale$$code)
    __aeabi_dadd                             0x000028e0   ARM Code       0  daddsub_noclz.o(x$fpl$dadd)
    _dadd                                    0x000028e0   ARM Code     336  daddsub_noclz.o(x$fpl$dadd)
    __aeabi_i2d                              0x00002a34   ARM Code       0  dflt_noclz.o(x$fpl$dflt)
    _dflt                                    0x00002a34   ARM Code      88  dflt_noclz.o(x$fpl$dflt)
    __dflt_normalise                         0x00002a44   ARM Code       0  dflt_noclz.o(x$fpl$dflt)
    __fpl_dnaninf                            0x00002a8c   ARM Code     192  dnaninf.o(x$fpl$dnaninf)
    __fpl_dretinf                            0x00002b4c   ARM Code      16  dretinf.o(x$fpl$dretinf)
    __aeabi_dsub                             0x00002b5c   ARM Code       0  daddsub_noclz.o(x$fpl$dsub)
    _dsub                                    0x00002b5c   ARM Code     576  daddsub_noclz.o(x$fpl$dsub)
    Inline Thumb to ARM Veneer to __ieee_status 0x00002da1   Thumb Code     4  istatus.o(x$fpl$ieeestatus)
    __ieee_status                            0x00002da4   ARM Code       8  istatus.o(x$fpl$ieeestatus)
    _printf_fp_dec                           0x00002dac   ARM Code       4  printf1.o(x$fpl$printf1)
    __I$use$fp                               0x00002db0   Number         0  usenofp.o(x$fpl$usenofp)
    Region$$Table$$Base                      0x00002e44   Number         0  anon$$obj.o(Region$$Table)
    Region$$Table$$Limit                     0x00002e64   Number         0  anon$$obj.o(Region$$Table)
    __ctype                                  0x00002e8d   Data           0  lc_ctype_c.o(locale$$data)
    rowsel                                   0x40000000   Data           1  business.o(.data)
    colsel                                   0x40000001   Data           1  business.o(.data)
    lookup_table                             0x40000002   Data          16  business.o(.data)
    items                                    0x40000012   Data         200  business.o(.data)
    cost                                     0x400000dc   Data          16  business.o(.data)
    x                                        0x400000ec   Data           4  business.o(.data)
    rtc                                      0x400000f0   Data          12  business.o(.bss)
    __libspace_start                         0x400000fc   Data          96  libspace.o(.bss)
    __temporary_stack_top$libspace           0x4000015c   Data           0  libspace.o(.bss)



==============================================================================

Memory Map of the image

  Image Entry point : 0x00000000

  Load Region LR_1 (Base: 0x00000000, Size: 0x00003080, Max: 0xffffffff, ABSOLUTE)

    Execution Region ER_RO (Exec base: 0x00000000, Load base: 0x00000000, Size: 0x00002f90, Max: 0xffffffff, ABSOLUTE)

    Exec Addr    Load Addr    Size         Type   Attr      Idx    E Section Name        Object

    0x00000000   0x00000000   0x00000008   Code   RO          264  * !!!main             c_t.l(__main.o)
    0x00000008   0x00000008   0x0000003c   Code   RO          524    !!!scatter          c_t.l(__scatter.o)
    0x00000044   0x00000044   0x00000028   Code   RO          526    !!handler_copy      c_t.l(__scatter_copy.o)
    0x0000006c   0x0000006c   0x0000002c   Code   RO          528    !!handler_zi        c_t.l(__scatter_zi.o)
    0x00000098   0x00000098   0x00000004   Ven    RO          241    .ARM.Collect$$_printf_percent$$00000000  c_t.l(_printf_percent.o)
    0x0000009c   0x0000009c   0x00000000   Code   RO          241    .ARM.Collect$$_printf_percent$$00000000  c_t.l(_printf_percent.o)
    0x0000009c   0x0000009c   0x00000008   Code   RO          240    .ARM.Collect$$_printf_percent$$00000003  c_t.l(_printf_f.o)
    0x000000a4   0x000000a4   0x00000008   Code   RO          239    .ARM.Collect$$_printf_percent$$00000009  c_t.l(_printf_d.o)
    0x000000ac   0x000000ac   0x00000008   Code   RO          238    .ARM.Collect$$_printf_percent$$00000014  c_t.l(_printf_s.o)
    0x000000b4   0x000000b4   0x00000008   Code   RO          298    .ARM.Collect$$_printf_percent$$00000017  c_t.l(_printf_percent_end.o)
    0x000000bc   0x000000bc   0x00000008   Ven    RO          397    .ARM.Collect$$libinit$$00000000  c_t.l(libinit.o)
    0x000000c4   0x000000c4   0x00000002   Code   RO          397    .ARM.Collect$$libinit$$00000000  c_t.l(libinit.o)
    0x000000c6   0x000000c6   0x00000000   Code   RO          399    .ARM.Collect$$libinit$$00000002  c_t.l(libinit2.o)
    0x000000c6   0x000000c6   0x00000000   Code   RO          401    .ARM.Collect$$libinit$$00000004  c_t.l(libinit2.o)
    0x000000c6   0x000000c6   0x00000000   Code   RO          404    .ARM.Collect$$libinit$$0000000A  c_t.l(libinit2.o)
    0x000000c6   0x000000c6   0x00000000   Code   RO          406    .ARM.Collect$$libinit$$0000000C  c_t.l(libinit2.o)
    0x000000c6   0x000000c6   0x00000000   Code   RO          408    .ARM.Collect$$libinit$$0000000E  c_t.l(libinit2.o)
    0x000000c6   0x000000c6   0x00000006   Code   RO          409    .ARM.Collect$$libinit$$0000000F  c_t.l(libinit2.o)
    0x000000cc   0x000000cc   0x00000000   Code   RO          411    .ARM.Collect$$libinit$$00000011  c_t.l(libinit2.o)
    0x000000cc   0x000000cc   0x0000000c   Code   RO          412    .ARM.Collect$$libinit$$00000012  c_t.l(libinit2.o)
    0x000000d8   0x000000d8   0x00000000   Code   RO          413    .ARM.Collect$$libinit$$00000013  c_t.l(libinit2.o)
    0x000000d8   0x000000d8   0x00000000   Code   RO          415    .ARM.Collect$$libinit$$00000015  c_t.l(libinit2.o)
    0x000000d8   0x000000d8   0x0000000a   Code   RO          416    .ARM.Collect$$libinit$$00000016  c_t.l(libinit2.o)
    0x000000e2   0x000000e2   0x00000000   Code   RO          417    .ARM.Collect$$libinit$$00000017  c_t.l(libinit2.o)
    0x000000e2   0x000000e2   0x00000000   Code   RO          419    .ARM.Collect$$libinit$$00000019  c_t.l(libinit2.o)
    0x000000e2   0x000000e2   0x00000000   Code   RO          421    .ARM.Collect$$libinit$$0000001B  c_t.l(libinit2.o)
    0x000000e2   0x000000e2   0x00000000   Code   RO          423    .ARM.Collect$$libinit$$0000001D  c_t.l(libinit2.o)
    0x000000e2   0x000000e2   0x00000000   Code   RO          425    .ARM.Collect$$libinit$$0000001F  c_t.l(libinit2.o)
    0x000000e2   0x000000e2   0x00000000   Code   RO          427    .ARM.Collect$$libinit$$00000021  c_t.l(libinit2.o)
    0x000000e2   0x000000e2   0x00000000   Code   RO          429    .ARM.Collect$$libinit$$00000023  c_t.l(libinit2.o)
    0x000000e2   0x000000e2   0x00000000   Code   RO          431    .ARM.Collect$$libinit$$00000025  c_t.l(libinit2.o)
    0x000000e2   0x000000e2   0x00000000   Code   RO          435    .ARM.Collect$$libinit$$0000002C  c_t.l(libinit2.o)
    0x000000e2   0x000000e2   0x00000000   Code   RO          437    .ARM.Collect$$libinit$$0000002E  c_t.l(libinit2.o)
    0x000000e2   0x000000e2   0x00000000   Code   RO          439    .ARM.Collect$$libinit$$00000030  c_t.l(libinit2.o)
    0x000000e2   0x000000e2   0x00000000   Code   RO          441    .ARM.Collect$$libinit$$00000032  c_t.l(libinit2.o)
    0x000000e2   0x000000e2   0x0000000c   Code   RO          442    .ARM.Collect$$libinit$$00000033  c_t.l(libinit2.o)
    0x000000ee   0x000000ee   0x00000002   PAD
    0x000000f0   0x000000f0   0x00000008   Ven    RO          489    .ARM.Collect$$libshutdown$$00000000  c_t.l(libshutdown.o)
    0x000000f8   0x000000f8   0x00000004   Code   RO          489    .ARM.Collect$$libshutdown$$00000000  c_t.l(libshutdown.o)
    0x000000fc   0x000000fc   0x00000000   Code   RO          507    .ARM.Collect$$libshutdown$$00000002  c_t.l(libshutdown2.o)
    0x000000fc   0x000000fc   0x00000000   Code   RO          509    .ARM.Collect$$libshutdown$$00000004  c_t.l(libshutdown2.o)
    0x000000fc   0x000000fc   0x00000000   Code   RO          512    .ARM.Collect$$libshutdown$$00000007  c_t.l(libshutdown2.o)
    0x000000fc   0x000000fc   0x00000000   Code   RO          515    .ARM.Collect$$libshutdown$$0000000A  c_t.l(libshutdown2.o)
    0x000000fc   0x000000fc   0x00000000   Code   RO          517    .ARM.Collect$$libshutdown$$0000000C  c_t.l(libshutdown2.o)
    0x000000fc   0x000000fc   0x00000000   Code   RO          520    .ARM.Collect$$libshutdown$$0000000F  c_t.l(libshutdown2.o)
    0x000000fc   0x000000fc   0x00000006   Code   RO          521    .ARM.Collect$$libshutdown$$00000010  c_t.l(libshutdown2.o)
    0x00000102   0x00000102   0x00000002   PAD
    0x00000104   0x00000104   0x00000000   Code   RO          278    .ARM.Collect$$rtentry$$00000000  c_t.l(__rtentry.o)
    0x00000104   0x00000104   0x00000000   Code   RO          312    .ARM.Collect$$rtentry$$00000002  c_t.l(__rtentry2.o)
    0x00000104   0x00000104   0x00000008   Code   RO          324    .ARM.Collect$$rtentry$$00000004  c_t.l(__rtentry4.o)
    0x0000010c   0x0000010c   0x00000000   Code   RO          314    .ARM.Collect$$rtentry$$00000009  c_t.l(__rtentry2.o)
    0x0000010c   0x0000010c   0x00000004   Code   RO          315    .ARM.Collect$$rtentry$$0000000A  c_t.l(__rtentry2.o)
    0x00000110   0x00000110   0x00000000   Code   RO          317    .ARM.Collect$$rtentry$$0000000C  c_t.l(__rtentry2.o)
    0x00000110   0x00000110   0x00000028   Code   RO          318    .ARM.Collect$$rtentry$$0000000D  c_t.l(__rtentry2.o)
    0x00000138   0x00000138   0x00000004   Ven    RO          443    .ARM.Collect$$rtexit$$00000000  c_t.l(rtexit.o)
    0x0000013c   0x0000013c   0x00000004   Code   RO          443    .ARM.Collect$$rtexit$$00000000  c_t.l(rtexit.o)
    0x00000140   0x00000140   0x00000000   Code   RO          458    .ARM.Collect$$rtexit$$00000002  c_t.l(rtexit2.o)
    0x00000140   0x00000140   0x00000004   Code   RO          459    .ARM.Collect$$rtexit$$00000003  c_t.l(rtexit2.o)
    0x00000144   0x00000144   0x00000008   Code   RO          460    .ARM.Collect$$rtexit$$00000004  c_t.l(rtexit2.o)
    0x0000014c   0x0000014c   0x00000020   Code   RO            4    .text               startup.o
    0x0000016c   0x0000016c   0x00000008   Ven    RO          204    .text               c_t.l(noretval__2sprintf.o)
    0x00000174   0x00000174   0x00000028   Code   RO          204    .text               c_t.l(noretval__2sprintf.o)
    0x0000019c   0x0000019c   0x00000056   Code   RO          212    .text               c_t.l(_printf_pad.o)
    0x000001f2   0x000001f2   0x00000058   Code   RO          214    .text               c_t.l(_printf_str.o)
    0x0000024a   0x0000024a   0x00000002   PAD
    0x0000024c   0x0000024c   0x00000008   Ven    RO          216    .text               c_t.l(_printf_dec.o)
    0x00000254   0x00000254   0x00000070   Code   RO          216    .text               c_t.l(_printf_dec.o)
    0x000002c4   0x000002c4   0x00000174   Code   RO          233    .text               c_t.l(__printf_ss_wp.o)
    0x00000438   0x00000438   0x00000008   Ven    RO          242    .text               c_t.l(atoi.o)
    0x00000440   0x00000440   0x0000001e   Code   RO          242    .text               c_t.l(atoi.o)
    0x0000045e   0x0000045e   0x00000002   PAD
    0x00000460   0x00000460   0x000000f4   Code   RO          244    .text               c_t.l(strcmp.o)
    0x00000554   0x00000554   0x00000004   Ven    RO          246    .text               c_t.l(aeabi_sdiv.o)
    0x00000558   0x00000558   0x00000180   Code   RO          246    .text               c_t.l(aeabi_sdiv.o)
    0x000006d8   0x000006d8   0x00000006   Code   RO          262    .text               c_t.l(heapauxi.o)
    0x000006de   0x000006de   0x00000002   PAD
    0x000006e0   0x000006e0   0x00000004   Ven    RO          286    .text               c_t.l(rt_errno_addr_intlibspace.o)
    0x000006e4   0x000006e4   0x0000000c   Code   RO          286    .text               c_t.l(rt_errno_addr_intlibspace.o)
    0x000006f0   0x000006f0   0x000000ba   Code   RO          288    .text               c_t.l(_printf_intcommon.o)
    0x000007aa   0x000007aa   0x00000002   PAD
    0x000007ac   0x000007ac   0x00000420   Code   RO          290    .text               c_t.l(_printf_fp_dec.o)
    0x00000bcc   0x00000bcc   0x00000030   Code   RO          292    .text               c_t.l(_printf_char_common.o)
    0x00000bfc   0x00000bfc   0x0000000a   Code   RO          294    .text               c_t.l(_sputc.o)
    0x00000c06   0x00000c06   0x00000002   PAD
    0x00000c08   0x00000c08   0x00000008   Ven    RO          296    .text               c_t.l(_printf_char.o)
    0x00000c10   0x00000c10   0x00000032   Code   RO          296    .text               c_t.l(_printf_char.o)
    0x00000c42   0x00000c42   0x00000002   PAD
    0x00000c44   0x00000c44   0x00000074   Code   RO          299    .text               c_t.l(strtol.o)
    0x00000cb8   0x00000cb8   0x00000004   Ven    RO          301    .text               c_t.l(rtudiv10.o)
    0x00000cbc   0x00000cbc   0x0000002c   Code   RO          301    .text               c_t.l(rtudiv10.o)
    0x00000ce8   0x00000ce8   0x0000000c   Code   RO          308    .text               c_t.l(libspace.o)
    0x00000cf4   0x00000cf4   0x00000004   Ven    RO          326    .text               c_t.l(rt_ctype_table.o)
    0x00000cf8   0x00000cf8   0x00000018   Code   RO          326    .text               c_t.l(rt_ctype_table.o)
    0x00000d10   0x00000d10   0x00000004   Ven    RO          333    .text               c_t.l(rt_locale_intlibspace.o)
    0x00000d14   0x00000d14   0x0000000c   Code   RO          333    .text               c_t.l(rt_locale_intlibspace.o)
    0x00000d20   0x00000d20   0x00000004   Ven    RO          335    .text               c_t.l(lludiv10.o)
    0x00000d24   0x00000d24   0x000000a0   Code   RO          335    .text               c_t.l(lludiv10.o)
    0x00000dc4   0x00000dc4   0x00000090   Code   RO          337    .text               c_t.l(_printf_fp_infnan.o)
    0x00000e54   0x00000e54   0x000000ac   Code   RO          345    .text               c_t.l(_strtoul.o)
    0x00000f00   0x00000f00   0x000000dc   Code   RO          347    .text               c_t.l(bigflt0.o)
    0x00000fdc   0x00000fdc   0x00000060   Code   RO          379    .text               c_t.l(sys_stackheap_outer.o)
    0x0000103c   0x0000103c   0x0000001e   Code   RO          381    .text               c_t.l(_chval.o)
    0x0000105a   0x0000105a   0x00000014   Code   RO          386    .text               c_t.l(exit.o)
    0x0000106e   0x0000106e   0x00000002   PAD
    0x00001070   0x00001070   0x00000008   Ven    RO          455    .text               c_t.l(sys_exit.o)
    0x00001078   0x00001078   0x0000000c   Code   RO          455    .text               c_t.l(sys_exit.o)
    0x00001084   0x00001084   0x00000004   Code   RO          476    .text               c_t.l(use_no_semi.o)
    0x00001088   0x00001088   0x00000000   Code   RO          478    .text               c_t.l(indicate_semi.o)
    0x00001088   0x00001088   0x00000004   Ven    RO          350    CL$$btod_d2e        c_t.l(btod.o)
    0x0000108c   0x0000108c   0x00000038   Code   RO          350    CL$$btod_d2e        c_t.l(btod.o)
    0x000010c4   0x000010c4   0x00000054   Code   RO          352    CL$$btod_d2e_denorm_low  c_t.l(btod.o)
    0x00001118   0x00001118   0x00000068   Code   RO          351    CL$$btod_d2e_norm_op1  c_t.l(btod.o)
    0x00001180   0x00001180   0x0000034c   Code   RO          360    CL$$btod_div_common  c_t.l(btod.o)
    0x000014cc   0x000014cc   0x000000f4   Code   RO          357    CL$$btod_e2e        c_t.l(btod.o)
    0x000015c0   0x000015c0   0x00000004   Ven    RO          354    CL$$btod_ediv       c_t.l(btod.o)
    0x000015c4   0x000015c4   0x00000038   Code   RO          354    CL$$btod_ediv       c_t.l(btod.o)
    0x000015fc   0x000015fc   0x00000004   Ven    RO          353    CL$$btod_emul       c_t.l(btod.o)
    0x00001600   0x00001600   0x00000038   Code   RO          353    CL$$btod_emul       c_t.l(btod.o)
    0x00001638   0x00001638   0x00000268   Code   RO          359    CL$$btod_mult_common  c_t.l(btod.o)
    0x000018a0   0x000018a0   0x0000000c   Ven    RO          552    Veneer$$Code        anon$$obj.o
    0x000018ac   0x000018ac   0x00000030   Code   RO           11    i.LCD_CmdWrite      lcd.o
    0x000018dc   0x000018dc   0x00000030   Code   RO           12    i.LCD_DataWrite     lcd.o
    0x0000190c   0x0000190c   0x00000028   Code   RO           13    i.LCD_DisplayString  lcd.o
    0x00001934   0x00001934   0x00000038   Code   RO           14    i.LCD_Init          lcd.o
    0x0000196c   0x0000196c   0x0000005c   Code   RO           15    i.LCD_Reset         lcd.o
    0x000019c8   0x000019c8   0x00000038   Code   RO           16    i.LCD_SendCmdSignals  lcd.o
    0x00001a00   0x00001a00   0x00000038   Code   RO           17    i.LCD_SendDataSignals  lcd.o
    0x00001a38   0x00001a38   0x00000024   Code   RO           18    i.LCD_SendHigherNibble  lcd.o
    0x00001a5c   0x00001a5c   0x0000005c   Code   RO           84    i.RTC_GetDateTime   business.o
    0x00001ab8   0x00001ab8   0x00000014   Code   RO           85    i.RTC_Init          business.o
    0x00001acc   0x00001acc   0x00000044   Code   RO           86    i.RTC_SetDateTime   business.o
    0x00001b10   0x00001b10   0x00000068   Code   RO           87    i.SystemInit        business.o
    0x00001b78   0x00001b78   0x0000006c   Code   RO           88    i.Timer1_ISR        business.o
    0x00001be4   0x00001be4   0x00000002   Code   RO          210    i.__ARM_common_call_via_r1  c_t.l(__printf.o)
    0x00001be6   0x00001be6   0x00000002   Code   RO          208    i.__ARM_common_call_via_r2  c_t.l(__printf.o)
    0x00001be8   0x00001be8   0x00000004   Ven    RO          377    i.__ARM_fpclassify  m_ts.l(fpclassify.o)
    0x00001bec   0x00001bec   0x00000030   Code   RO          377    i.__ARM_fpclassify  m_ts.l(fpclassify.o)
    0x00001c1c   0x00001c1c   0x0000000e   Code   RO          228    i._is_digit         c_t.l(__printf_wp.o)
    0x00001c2a   0x00001c2a   0x00000002   PAD
    0x00001c2c   0x00001c2c   0x000000ec   Code   RO           89    i.adc               business.o
    0x00001d18   0x00001d18   0x000003f0   Code   RO           90    i.board             business.o
    0x00002108   0x00002108   0x00000068   Code   RO           91    i.delay             business.o
    0x00002170   0x00002170   0x00000034   Code   RO           19    i.delay_ms          lcd.o
    0x000021a4   0x000021a4   0x00000034   Code   RO           20    i.delay_us          lcd.o
    0x000021d8   0x000021d8   0x00000100   Code   RO           92    i.getAlphaCode      business.o
    0x000022d8   0x000022d8   0x00000064   Code   RO           93    i.load_cell         business.o
    0x0000233c   0x0000233c   0x00000290   Code   RO           94    i.main              business.o
    0x000025cc   0x000025cc   0x00000074   Code   RO           95    i.serialPrint       business.o
    0x00002640   0x00002640   0x00000044   Code   RO           96    i.serialPrintStr    business.o
    0x00002684   0x00002684   0x00000118   Code   RO           97    i.seven_seg         business.o
    0x0000279c   0x0000279c   0x0000005c   Code   RO           98    i.timer1_Init       business.o
    0x000027f8   0x000027f8   0x00000040   Code   RO           99    i.uart_init         business.o
    0x00002838   0x00002838   0x00000004   Ven    RO          373    locale$$code        c_t.l(lc_numeric_c.o)
    0x0000283c   0x0000283c   0x00000050   Code   RO          373    locale$$code        c_t.l(lc_numeric_c.o)
    0x0000288c   0x0000288c   0x00000004   Ven    RO          384    locale$$code        c_t.l(lc_ctype_c.o)
    0x00002890   0x00002890   0x00000050   Code   RO          384    locale$$code        c_t.l(lc_ctype_c.o)
    0x000028e0   0x000028e0   0x00000154   Code   RO          266    x$fpl$dadd          fz_ts.l(daddsub_noclz.o)
    0x00002a34   0x00002a34   0x00000058   Code   RO          273    x$fpl$dflt          fz_ts.l(dflt_noclz.o)
    0x00002a8c   0x00002a8c   0x000000c0   Code   RO          303    x$fpl$dnaninf       fz_ts.l(dnaninf.o)
    0x00002b4c   0x00002b4c   0x00000010   Code   RO          305    x$fpl$dretinf       fz_ts.l(dretinf.o)
    0x00002b5c   0x00002b5c   0x00000244   Code   RO          268    x$fpl$dsub          fz_ts.l(daddsub_noclz.o)
    0x00002da0   0x00002da0   0x00000004   Ven    RO          375    x$fpl$ieeestatus    fz_ts.l(istatus.o)
    0x00002da4   0x00002da4   0x00000008   Code   RO          375    x$fpl$ieeestatus    fz_ts.l(istatus.o)
    0x00002dac   0x00002dac   0x00000004   Code   RO          276    x$fpl$printf1       fz_ts.l(printf1.o)
    0x00002db0   0x00002db0   0x00000000   Code   RO          307    x$fpl$usenofp       fz_ts.l(usenofp.o)
    0x00002db0   0x00002db0   0x00000094   Data   RO          348    .constdata          c_t.l(bigflt0.o)
    0x00002e44   0x00002e44   0x00000020   Data   RO          522    Region$$Table       anon$$obj.o
    0x00002e64   0x00002e64   0x0000001c   Data   RO          372    locale$$data        c_t.l(lc_numeric_c.o)
    0x00002e80   0x00002e80   0x00000110   Data   RO          383    locale$$data        c_t.l(lc_ctype_c.o)


    Execution Region ER_RW (Exec base: 0x40000000, Load base: 0x00002f90, Size: 0x000000f0, Max: 0xffffffff, ABSOLUTE)

    Exec Addr    Load Addr    Size         Type   Attr      Idx    E Section Name        Object

    0x40000000   0x00002f90   0x000000f0   Data   RW          101    .data               business.o


    Execution Region ER_ZI (Exec base: 0x400000f0, Load base: 0x00003080, Size: 0x000004f8, Max: 0xffffffff, ABSOLUTE)

    Exec Addr    Load Addr    Size         Type   Attr      Idx    E Section Name        Object

    0x400000f0        -       0x0000000c   Zero   RW          100    .bss                business.o
    0x400000fc        -       0x00000060   Zero   RW          309    .bss                c_t.l(libspace.o)
    0x4000015c   0x00003080   0x00000004   PAD
    0x40000160        -       0x00000000   Zero   RW            2    HEAP                startup.o
    0x40000160        -       0x00000488   Zero   RW            1    STACK               startup.o


==============================================================================

Image component sizes


      Code (inc. data)   RO Data    RW Data    ZI Data      Debug   Object Name

      3372        184          0        240         12      10436   business.o
       536         16          0          0          0       6142   lcd.o
        32         12          0          0       1160        264   startup.o

    ----------------------------------------------------------------------
      3952        216         32        240       1172      16842   Object Totals
        12          4         32          0          0          0   (incl. Generated)
         0          0          0          0          0          0   (incl. Padding)

    ----------------------------------------------------------------------

      Code (inc. data)   RO Data    RW Data    ZI Data      Debug   Library Member Name

         8          0          0          0          0         68   __main.o
         4          0          0          0          0        120   __printf.o
       372          0          0          0          0         92   __printf_ss_wp.o
        14          0          0          0          0         60   __printf_wp.o
         0          0          0          0          0          0   __rtentry.o
        44          4          0          0          0          0   __rtentry2.o
         8          0          0          0          0          0   __rtentry4.o
        60          8          0          0          0          0   __scatter.o
        40          0          0          0          0          0   __scatter_copy.o
        44          0          0          0          0          0   __scatter_zi.o
        30          0          0          0          0         60   _chval.o
        58          0          0          0          0        112   _printf_char.o
        48          4          0          0          0         96   _printf_char_common.o
         8          0          0          0          0          0   _printf_d.o
       120         18          0          0          0         88   _printf_dec.o
         8          0          0          0          0          0   _printf_f.o
      1056         12          0          0          0        188   _printf_fp_dec.o
       144         16          0          0          0         88   _printf_fp_infnan.o
       186          0          0          0          0         96   _printf_intcommon.o
        86          0          0          0          0        116   _printf_pad.o
         4          0          0          0          0          0   _printf_percent.o
         8          0          0          0          0          0   _printf_percent_end.o
         8          0          0          0          0          0   _printf_s.o
        88          0          0          0          0         84   _printf_str.o
        10          0          0          0          0         60   _sputc.o
       172          0          0          0          0         96   _strtoul.o
       388          0          0          0          0         80   aeabi_sdiv.o
        38          0          0          0          0         84   atoi.o
       220          6        148          0          0         96   bigflt0.o
      2072        128          0          0          0        700   btod.o
        20          0          0          0          0         80   exit.o
         6          0          0          0          0        136   heapauxi.o
         0          0          0          0          0          0   indicate_semi.o
        84          8        272          0          0         92   lc_ctype_c.o
        84          8         28          0          0         92   lc_numeric_c.o
        10          0          0          0          0          0   libinit.o
        40          0          0          0          0          0   libinit2.o
        12          0          0          0          0          0   libshutdown.o
         6          0          0          0          0          0   libshutdown2.o
        12          4          0          0         96         68   libspace.o
       164          0          0          0          0         96   lludiv10.o
        48          4          0          0          0         84   noretval__2sprintf.o
        28          4          0          0          0         84   rt_ctype_table.o
        16          4          0          0          0         68   rt_errno_addr_intlibspace.o
        16          4          0          0          0         68   rt_locale_intlibspace.o
         8          0          0          0          0          0   rtexit.o
        12          0          0          0          0          0   rtexit2.o
        48          0          0          0          0         68   rtudiv10.o
       244          4          0          0          0         80   strcmp.o
       116          4          0          0          0         92   strtol.o
        20          4          0          0          0         60   sys_exit.o
        96          0          0          0          0         80   sys_stackheap_outer.o
         4          0          0          0          0         68   use_no_semi.o
       920         16          0          0          0        292   daddsub_noclz.o
        88          0          0          0          0         68   dflt_noclz.o
       192          0          0          0          0        108   dnaninf.o
        16          0          0          0          0         68   dretinf.o
        12          0          0          0          0         68   istatus.o
         4          0          0          0          0         68   printf1.o
         0          0          0          0          0          0   usenofp.o
        52          0          0          0          0         68   fpclassify.o

    ----------------------------------------------------------------------
      7744        260        448          0        100       4440   Library Totals
        20          0          0          0          4          0   (incl. Padding)

    ----------------------------------------------------------------------

      Code (inc. data)   RO Data    RW Data    ZI Data      Debug   Library Name

      6440        244        448          0         96       3700   c_t.l
      1232         16          0          0          0        672   fz_ts.l
        52          0          0          0          0         68   m_ts.l

    ----------------------------------------------------------------------
      7744        260        448          0        100       4440   Library Totals

    ----------------------------------------------------------------------

==============================================================================


      Code (inc. data)   RO Data    RW Data    ZI Data      Debug   

     11696        476        480        240       1272      17918   Grand Totals
     11696        476        480        240       1272      17918   ELF Image Totals
     11696        476        480        240          0          0   ROM Totals

==============================================================================

    Total RO  Size (Code + RO Data)                12176 (  11.89kB)
    Total RW  Size (RW Data + ZI Data)              1512 (   1.48kB)
    Total ROM Size (Code + RO Data + RW Data)      12416 (  12.13kB)

==============================================================================

